<?xml version="1.0" encoding="ISO-8859-1" ?>
<link_info>
   <banner>MSP430 Linker PC v21.6.1.LTS</banner>
   <copyright>Copyright (c) 2003-2018 Texas Instruments Incorporated</copyright>
   <link_time>0x65b84eb8</link_time>
   <link_errors>0x0</link_errors>
   <output_file>s_lenet.out</output_file>
   <entry_point>
      <name>_c_int00_noargs_mpu</name>
      <address>0x8c00</address>
   </entry_point>
   <input_file_list>
      <input_file id="fl-2">
         <path>.\</path>
         <kind>object</kind>
         <file>lenet.obj</file>
         <name>lenet.obj</name>
      </input_file>
      <input_file id="fl-3">
         <path>.\</path>
         <kind>object</kind>
         <file>main.obj</file>
         <name>main.obj</name>
      </input_file>
      <input_file id="fl-4">
         <path>.\dsplib\source\filter\</path>
         <kind>object</kind>
         <file>msp_biquad_cascade_df1_q15.obj</file>
         <name>msp_biquad_cascade_df1_q15.obj</name>
      </input_file>
      <input_file id="fl-5">
         <path>.\dsplib\source\filter\</path>
         <kind>object</kind>
         <file>msp_biquad_cascade_df2_ext_q15.obj</file>
         <name>msp_biquad_cascade_df2_ext_q15.obj</name>
      </input_file>
      <input_file id="fl-6">
         <path>.\dsplib\source\filter\</path>
         <kind>object</kind>
         <file>msp_biquad_cascade_df2_q15.obj</file>
         <name>msp_biquad_cascade_df2_q15.obj</name>
      </input_file>
      <input_file id="fl-7">
         <path>.\dsplib\source\filter\</path>
         <kind>object</kind>
         <file>msp_biquad_df1_q15.obj</file>
         <name>msp_biquad_df1_q15.obj</name>
      </input_file>
      <input_file id="fl-8">
         <path>.\dsplib\source\filter\</path>
         <kind>object</kind>
         <file>msp_biquad_df2_ext_q15.obj</file>
         <name>msp_biquad_df2_ext_q15.obj</name>
      </input_file>
      <input_file id="fl-9">
         <path>.\dsplib\source\filter\</path>
         <kind>object</kind>
         <file>msp_biquad_df2_q15.obj</file>
         <name>msp_biquad_df2_q15.obj</name>
      </input_file>
      <input_file id="fl-a">
         <path>.\dsplib\source\filter\</path>
         <kind>object</kind>
         <file>msp_cmplx_fir_iq31.obj</file>
         <name>msp_cmplx_fir_iq31.obj</name>
      </input_file>
      <input_file id="fl-b">
         <path>.\dsplib\source\filter\</path>
         <kind>object</kind>
         <file>msp_cmplx_fir_q15.obj</file>
         <name>msp_cmplx_fir_q15.obj</name>
      </input_file>
      <input_file id="fl-c">
         <path>.\dsplib\source\filter\</path>
         <kind>object</kind>
         <file>msp_fir_iq31.obj</file>
         <name>msp_fir_iq31.obj</name>
      </input_file>
      <input_file id="fl-d">
         <path>.\dsplib\source\filter\</path>
         <kind>object</kind>
         <file>msp_fir_q15.obj</file>
         <name>msp_fir_q15.obj</name>
      </input_file>
      <input_file id="fl-e">
         <path>.\dsplib\source\lea\</path>
         <kind>object</kind>
         <file>msp_lea_flags.obj</file>
         <name>msp_lea_flags.obj</name>
      </input_file>
      <input_file id="fl-f">
         <path>.\dsplib\source\lea\</path>
         <kind>object</kind>
         <file>msp_lea_init.obj</file>
         <name>msp_lea_init.obj</name>
      </input_file>
      <input_file id="fl-10">
         <path>.\dsplib\source\lea\</path>
         <kind>object</kind>
         <file>msp_lea_isr.obj</file>
         <name>msp_lea_isr.obj</name>
      </input_file>
      <input_file id="fl-11">
         <path>.\dsplib\source\lea\</path>
         <kind>object</kind>
         <file>msp_lea_patch.obj</file>
         <name>msp_lea_patch.obj</name>
      </input_file>
      <input_file id="fl-12">
         <path>.\dsplib\source\matrix\</path>
         <kind>object</kind>
         <file>msp_matrix_abs_iq31.obj</file>
         <name>msp_matrix_abs_iq31.obj</name>
      </input_file>
      <input_file id="fl-13">
         <path>.\dsplib\source\matrix\</path>
         <kind>object</kind>
         <file>msp_matrix_abs_q15.obj</file>
         <name>msp_matrix_abs_q15.obj</name>
      </input_file>
      <input_file id="fl-14">
         <path>.\dsplib\source\matrix\</path>
         <kind>object</kind>
         <file>msp_matrix_add_iq31.obj</file>
         <name>msp_matrix_add_iq31.obj</name>
      </input_file>
      <input_file id="fl-15">
         <path>.\dsplib\source\matrix\</path>
         <kind>object</kind>
         <file>msp_matrix_add_q15.obj</file>
         <name>msp_matrix_add_q15.obj</name>
      </input_file>
      <input_file id="fl-16">
         <path>.\dsplib\source\matrix\</path>
         <kind>object</kind>
         <file>msp_matrix_mpy_iq31.obj</file>
         <name>msp_matrix_mpy_iq31.obj</name>
      </input_file>
      <input_file id="fl-17">
         <path>.\dsplib\source\matrix\</path>
         <kind>object</kind>
         <file>msp_matrix_mpy_q15.obj</file>
         <name>msp_matrix_mpy_q15.obj</name>
      </input_file>
      <input_file id="fl-18">
         <path>.\dsplib\source\matrix\</path>
         <kind>object</kind>
         <file>msp_matrix_neg_iq31.obj</file>
         <name>msp_matrix_neg_iq31.obj</name>
      </input_file>
      <input_file id="fl-19">
         <path>.\dsplib\source\matrix\</path>
         <kind>object</kind>
         <file>msp_matrix_neg_q15.obj</file>
         <name>msp_matrix_neg_q15.obj</name>
      </input_file>
      <input_file id="fl-1a">
         <path>.\dsplib\source\matrix\</path>
         <kind>object</kind>
         <file>msp_matrix_offset_iq31.obj</file>
         <name>msp_matrix_offset_iq31.obj</name>
      </input_file>
      <input_file id="fl-1b">
         <path>.\dsplib\source\matrix\</path>
         <kind>object</kind>
         <file>msp_matrix_offset_q15.obj</file>
         <name>msp_matrix_offset_q15.obj</name>
      </input_file>
      <input_file id="fl-1c">
         <path>.\dsplib\source\matrix\</path>
         <kind>object</kind>
         <file>msp_matrix_scale_iq31.obj</file>
         <name>msp_matrix_scale_iq31.obj</name>
      </input_file>
      <input_file id="fl-1d">
         <path>.\dsplib\source\matrix\</path>
         <kind>object</kind>
         <file>msp_matrix_scale_q15.obj</file>
         <name>msp_matrix_scale_q15.obj</name>
      </input_file>
      <input_file id="fl-1e">
         <path>.\dsplib\source\matrix\</path>
         <kind>object</kind>
         <file>msp_matrix_shift_iq31.obj</file>
         <name>msp_matrix_shift_iq31.obj</name>
      </input_file>
      <input_file id="fl-1f">
         <path>.\dsplib\source\matrix\</path>
         <kind>object</kind>
         <file>msp_matrix_shift_q15.obj</file>
         <name>msp_matrix_shift_q15.obj</name>
      </input_file>
      <input_file id="fl-20">
         <path>.\dsplib\source\matrix\</path>
         <kind>object</kind>
         <file>msp_matrix_sub_iq31.obj</file>
         <name>msp_matrix_sub_iq31.obj</name>
      </input_file>
      <input_file id="fl-21">
         <path>.\dsplib\source\matrix\</path>
         <kind>object</kind>
         <file>msp_matrix_sub_q15.obj</file>
         <name>msp_matrix_sub_q15.obj</name>
      </input_file>
      <input_file id="fl-22">
         <path>.\dsplib\source\matrix\</path>
         <kind>object</kind>
         <file>msp_matrix_trans_iq31.obj</file>
         <name>msp_matrix_trans_iq31.obj</name>
      </input_file>
      <input_file id="fl-23">
         <path>.\dsplib\source\matrix\</path>
         <kind>object</kind>
         <file>msp_matrix_trans_q15.obj</file>
         <name>msp_matrix_trans_q15.obj</name>
      </input_file>
      <input_file id="fl-24">
         <path>.\dsplib\source\transform\</path>
         <kind>object</kind>
         <file>msp_cmplx_bitrev_iq31.obj</file>
         <name>msp_cmplx_bitrev_iq31.obj</name>
      </input_file>
      <input_file id="fl-25">
         <path>.\dsplib\source\transform\</path>
         <kind>object</kind>
         <file>msp_cmplx_bitrev_q15.obj</file>
         <name>msp_cmplx_bitrev_q15.obj</name>
      </input_file>
      <input_file id="fl-26">
         <path>.\dsplib\source\transform\</path>
         <kind>object</kind>
         <file>msp_cmplx_fft_auto_q15.obj</file>
         <name>msp_cmplx_fft_auto_q15.obj</name>
      </input_file>
      <input_file id="fl-27">
         <path>.\dsplib\source\transform\</path>
         <kind>object</kind>
         <file>msp_cmplx_fft_fixed_q15.obj</file>
         <name>msp_cmplx_fft_fixed_q15.obj</name>
      </input_file>
      <input_file id="fl-28">
         <path>.\dsplib\source\transform\</path>
         <kind>object</kind>
         <file>msp_cmplx_fft_iq31.obj</file>
         <name>msp_cmplx_fft_iq31.obj</name>
      </input_file>
      <input_file id="fl-29">
         <path>.\dsplib\source\transform\</path>
         <kind>object</kind>
         <file>msp_cmplx_ifft_auto_q15.obj</file>
         <name>msp_cmplx_ifft_auto_q15.obj</name>
      </input_file>
      <input_file id="fl-2a">
         <path>.\dsplib\source\transform\</path>
         <kind>object</kind>
         <file>msp_cmplx_ifft_fixed_q15.obj</file>
         <name>msp_cmplx_ifft_fixed_q15.obj</name>
      </input_file>
      <input_file id="fl-2b">
         <path>.\dsplib\source\transform\</path>
         <kind>object</kind>
         <file>msp_cmplx_ifft_iq31.obj</file>
         <name>msp_cmplx_ifft_iq31.obj</name>
      </input_file>
      <input_file id="fl-2c">
         <path>.\dsplib\source\transform\</path>
         <kind>object</kind>
         <file>msp_fft_auto_q15.obj</file>
         <name>msp_fft_auto_q15.obj</name>
      </input_file>
      <input_file id="fl-2d">
         <path>.\dsplib\source\transform\</path>
         <kind>object</kind>
         <file>msp_fft_fixed_q15.obj</file>
         <name>msp_fft_fixed_q15.obj</name>
      </input_file>
      <input_file id="fl-2e">
         <path>.\dsplib\source\transform\</path>
         <kind>object</kind>
         <file>msp_fft_iq31.obj</file>
         <name>msp_fft_iq31.obj</name>
      </input_file>
      <input_file id="fl-2f">
         <path>.\dsplib\source\transform\</path>
         <kind>object</kind>
         <file>msp_ifft_auto_q15.obj</file>
         <name>msp_ifft_auto_q15.obj</name>
      </input_file>
      <input_file id="fl-30">
         <path>.\dsplib\source\transform\</path>
         <kind>object</kind>
         <file>msp_ifft_fixed_q15.obj</file>
         <name>msp_ifft_fixed_q15.obj</name>
      </input_file>
      <input_file id="fl-31">
         <path>.\dsplib\source\transform\</path>
         <kind>object</kind>
         <file>msp_ifft_iq31.obj</file>
         <name>msp_ifft_iq31.obj</name>
      </input_file>
      <input_file id="fl-32">
         <path>.\dsplib\source\transform\</path>
         <kind>object</kind>
         <file>msp_split_iq31.obj</file>
         <name>msp_split_iq31.obj</name>
      </input_file>
      <input_file id="fl-33">
         <path>.\dsplib\source\transform\</path>
         <kind>object</kind>
         <file>msp_split_q15.obj</file>
         <name>msp_split_q15.obj</name>
      </input_file>
      <input_file id="fl-34">
         <path>.\dsplib\source\transform\</path>
         <kind>object</kind>
         <file>msp_transform_tables.obj</file>
         <name>msp_transform_tables.obj</name>
      </input_file>
      <input_file id="fl-35">
         <path>.\dsplib\source\utility\</path>
         <kind>object</kind>
         <file>msp_cmplx_fill_iq31.obj</file>
         <name>msp_cmplx_fill_iq31.obj</name>
      </input_file>
      <input_file id="fl-36">
         <path>.\dsplib\source\utility\</path>
         <kind>object</kind>
         <file>msp_cmplx_fill_q15.obj</file>
         <name>msp_cmplx_fill_q15.obj</name>
      </input_file>
      <input_file id="fl-37">
         <path>.\dsplib\source\utility\</path>
         <kind>object</kind>
         <file>msp_cmplx_iq31.obj</file>
         <name>msp_cmplx_iq31.obj</name>
      </input_file>
      <input_file id="fl-38">
         <path>.\dsplib\source\utility\</path>
         <kind>object</kind>
         <file>msp_cmplx_q15.obj</file>
         <name>msp_cmplx_q15.obj</name>
      </input_file>
      <input_file id="fl-39">
         <path>.\dsplib\source\utility\</path>
         <kind>object</kind>
         <file>msp_copy_iq31.obj</file>
         <name>msp_copy_iq31.obj</name>
      </input_file>
      <input_file id="fl-3a">
         <path>.\dsplib\source\utility\</path>
         <kind>object</kind>
         <file>msp_copy_q15.obj</file>
         <name>msp_copy_q15.obj</name>
      </input_file>
      <input_file id="fl-3b">
         <path>.\dsplib\source\utility\</path>
         <kind>object</kind>
         <file>msp_deinterleave_iq31.obj</file>
         <name>msp_deinterleave_iq31.obj</name>
      </input_file>
      <input_file id="fl-3c">
         <path>.\dsplib\source\utility\</path>
         <kind>object</kind>
         <file>msp_deinterleave_q15.obj</file>
         <name>msp_deinterleave_q15.obj</name>
      </input_file>
      <input_file id="fl-3d">
         <path>.\dsplib\source\utility\</path>
         <kind>object</kind>
         <file>msp_fill_iq31.obj</file>
         <name>msp_fill_iq31.obj</name>
      </input_file>
      <input_file id="fl-3e">
         <path>.\dsplib\source\utility\</path>
         <kind>object</kind>
         <file>msp_fill_q15.obj</file>
         <name>msp_fill_q15.obj</name>
      </input_file>
      <input_file id="fl-3f">
         <path>.\dsplib\source\utility\</path>
         <kind>object</kind>
         <file>msp_interleave_iq31.obj</file>
         <name>msp_interleave_iq31.obj</name>
      </input_file>
      <input_file id="fl-40">
         <path>.\dsplib\source\utility\</path>
         <kind>object</kind>
         <file>msp_interleave_q15.obj</file>
         <name>msp_interleave_q15.obj</name>
      </input_file>
      <input_file id="fl-41">
         <path>.\dsplib\source\utility\</path>
         <kind>object</kind>
         <file>msp_iq31_to_q15.obj</file>
         <name>msp_iq31_to_q15.obj</name>
      </input_file>
      <input_file id="fl-42">
         <path>.\dsplib\source\utility\</path>
         <kind>object</kind>
         <file>msp_q15_to_iq31.obj</file>
         <name>msp_q15_to_iq31.obj</name>
      </input_file>
      <input_file id="fl-43">
         <path>.\dsplib\source\utility\</path>
         <kind>object</kind>
         <file>msp_sinusoid_q15.obj</file>
         <name>msp_sinusoid_q15.obj</name>
      </input_file>
      <input_file id="fl-44">
         <path>.\dsplib\source\vector\</path>
         <kind>object</kind>
         <file>msp_abs_iq31.obj</file>
         <name>msp_abs_iq31.obj</name>
      </input_file>
      <input_file id="fl-45">
         <path>.\dsplib\source\vector\</path>
         <kind>object</kind>
         <file>msp_abs_q15.obj</file>
         <name>msp_abs_q15.obj</name>
      </input_file>
      <input_file id="fl-46">
         <path>.\dsplib\source\vector\</path>
         <kind>object</kind>
         <file>msp_add_iq31.obj</file>
         <name>msp_add_iq31.obj</name>
      </input_file>
      <input_file id="fl-47">
         <path>.\dsplib\source\vector\</path>
         <kind>object</kind>
         <file>msp_add_q15.obj</file>
         <name>msp_add_q15.obj</name>
      </input_file>
      <input_file id="fl-48">
         <path>.\dsplib\source\vector\</path>
         <kind>object</kind>
         <file>msp_cmplx_add_iq31.obj</file>
         <name>msp_cmplx_add_iq31.obj</name>
      </input_file>
      <input_file id="fl-49">
         <path>.\dsplib\source\vector\</path>
         <kind>object</kind>
         <file>msp_cmplx_add_q15.obj</file>
         <name>msp_cmplx_add_q15.obj</name>
      </input_file>
      <input_file id="fl-4a">
         <path>.\dsplib\source\vector\</path>
         <kind>object</kind>
         <file>msp_cmplx_conj_iq31.obj</file>
         <name>msp_cmplx_conj_iq31.obj</name>
      </input_file>
      <input_file id="fl-4b">
         <path>.\dsplib\source\vector\</path>
         <kind>object</kind>
         <file>msp_cmplx_conj_q15.obj</file>
         <name>msp_cmplx_conj_q15.obj</name>
      </input_file>
      <input_file id="fl-4c">
         <path>.\dsplib\source\vector\</path>
         <kind>object</kind>
         <file>msp_cmplx_mac_iq31.obj</file>
         <name>msp_cmplx_mac_iq31.obj</name>
      </input_file>
      <input_file id="fl-4d">
         <path>.\dsplib\source\vector\</path>
         <kind>object</kind>
         <file>msp_cmplx_mac_q15.obj</file>
         <name>msp_cmplx_mac_q15.obj</name>
      </input_file>
      <input_file id="fl-4e">
         <path>.\dsplib\source\vector\</path>
         <kind>object</kind>
         <file>msp_cmplx_mpy_iq31.obj</file>
         <name>msp_cmplx_mpy_iq31.obj</name>
      </input_file>
      <input_file id="fl-4f">
         <path>.\dsplib\source\vector\</path>
         <kind>object</kind>
         <file>msp_cmplx_mpy_q15.obj</file>
         <name>msp_cmplx_mpy_q15.obj</name>
      </input_file>
      <input_file id="fl-50">
         <path>.\dsplib\source\vector\</path>
         <kind>object</kind>
         <file>msp_cmplx_mpy_real_iq31.obj</file>
         <name>msp_cmplx_mpy_real_iq31.obj</name>
      </input_file>
      <input_file id="fl-51">
         <path>.\dsplib\source\vector\</path>
         <kind>object</kind>
         <file>msp_cmplx_mpy_real_q15.obj</file>
         <name>msp_cmplx_mpy_real_q15.obj</name>
      </input_file>
      <input_file id="fl-52">
         <path>.\dsplib\source\vector\</path>
         <kind>object</kind>
         <file>msp_cmplx_scale_iq31.obj</file>
         <name>msp_cmplx_scale_iq31.obj</name>
      </input_file>
      <input_file id="fl-53">
         <path>.\dsplib\source\vector\</path>
         <kind>object</kind>
         <file>msp_cmplx_scale_q15.obj</file>
         <name>msp_cmplx_scale_q15.obj</name>
      </input_file>
      <input_file id="fl-54">
         <path>.\dsplib\source\vector\</path>
         <kind>object</kind>
         <file>msp_cmplx_shift_iq31.obj</file>
         <name>msp_cmplx_shift_iq31.obj</name>
      </input_file>
      <input_file id="fl-55">
         <path>.\dsplib\source\vector\</path>
         <kind>object</kind>
         <file>msp_cmplx_shift_q15.obj</file>
         <name>msp_cmplx_shift_q15.obj</name>
      </input_file>
      <input_file id="fl-56">
         <path>.\dsplib\source\vector\</path>
         <kind>object</kind>
         <file>msp_cmplx_sub_iq31.obj</file>
         <name>msp_cmplx_sub_iq31.obj</name>
      </input_file>
      <input_file id="fl-57">
         <path>.\dsplib\source\vector\</path>
         <kind>object</kind>
         <file>msp_cmplx_sub_q15.obj</file>
         <name>msp_cmplx_sub_q15.obj</name>
      </input_file>
      <input_file id="fl-58">
         <path>.\dsplib\source\vector\</path>
         <kind>object</kind>
         <file>msp_mac_iq31.obj</file>
         <name>msp_mac_iq31.obj</name>
      </input_file>
      <input_file id="fl-59">
         <path>.\dsplib\source\vector\</path>
         <kind>object</kind>
         <file>msp_mac_q15.obj</file>
         <name>msp_mac_q15.obj</name>
      </input_file>
      <input_file id="fl-5a">
         <path>.\dsplib\source\vector\</path>
         <kind>object</kind>
         <file>msp_max_iq31.obj</file>
         <name>msp_max_iq31.obj</name>
      </input_file>
      <input_file id="fl-5b">
         <path>.\dsplib\source\vector\</path>
         <kind>object</kind>
         <file>msp_max_q15.obj</file>
         <name>msp_max_q15.obj</name>
      </input_file>
      <input_file id="fl-5c">
         <path>.\dsplib\source\vector\</path>
         <kind>object</kind>
         <file>msp_max_uq15.obj</file>
         <name>msp_max_uq15.obj</name>
      </input_file>
      <input_file id="fl-5d">
         <path>.\dsplib\source\vector\</path>
         <kind>object</kind>
         <file>msp_max_uq31.obj</file>
         <name>msp_max_uq31.obj</name>
      </input_file>
      <input_file id="fl-5e">
         <path>.\dsplib\source\vector\</path>
         <kind>object</kind>
         <file>msp_min_iq31.obj</file>
         <name>msp_min_iq31.obj</name>
      </input_file>
      <input_file id="fl-5f">
         <path>.\dsplib\source\vector\</path>
         <kind>object</kind>
         <file>msp_min_q15.obj</file>
         <name>msp_min_q15.obj</name>
      </input_file>
      <input_file id="fl-60">
         <path>.\dsplib\source\vector\</path>
         <kind>object</kind>
         <file>msp_min_uq15.obj</file>
         <name>msp_min_uq15.obj</name>
      </input_file>
      <input_file id="fl-61">
         <path>.\dsplib\source\vector\</path>
         <kind>object</kind>
         <file>msp_min_uq31.obj</file>
         <name>msp_min_uq31.obj</name>
      </input_file>
      <input_file id="fl-62">
         <path>.\dsplib\source\vector\</path>
         <kind>object</kind>
         <file>msp_mpy_iq31.obj</file>
         <name>msp_mpy_iq31.obj</name>
      </input_file>
      <input_file id="fl-63">
         <path>.\dsplib\source\vector\</path>
         <kind>object</kind>
         <file>msp_mpy_q15.obj</file>
         <name>msp_mpy_q15.obj</name>
      </input_file>
      <input_file id="fl-64">
         <path>.\dsplib\source\vector\</path>
         <kind>object</kind>
         <file>msp_neg_iq31.obj</file>
         <name>msp_neg_iq31.obj</name>
      </input_file>
      <input_file id="fl-65">
         <path>.\dsplib\source\vector\</path>
         <kind>object</kind>
         <file>msp_neg_q15.obj</file>
         <name>msp_neg_q15.obj</name>
      </input_file>
      <input_file id="fl-66">
         <path>.\dsplib\source\vector\</path>
         <kind>object</kind>
         <file>msp_offset_iq31.obj</file>
         <name>msp_offset_iq31.obj</name>
      </input_file>
      <input_file id="fl-67">
         <path>.\dsplib\source\vector\</path>
         <kind>object</kind>
         <file>msp_offset_q15.obj</file>
         <name>msp_offset_q15.obj</name>
      </input_file>
      <input_file id="fl-68">
         <path>.\dsplib\source\vector\</path>
         <kind>object</kind>
         <file>msp_scale_iq31.obj</file>
         <name>msp_scale_iq31.obj</name>
      </input_file>
      <input_file id="fl-69">
         <path>.\dsplib\source\vector\</path>
         <kind>object</kind>
         <file>msp_scale_q15.obj</file>
         <name>msp_scale_q15.obj</name>
      </input_file>
      <input_file id="fl-6a">
         <path>.\dsplib\source\vector\</path>
         <kind>object</kind>
         <file>msp_shift_iq31.obj</file>
         <name>msp_shift_iq31.obj</name>
      </input_file>
      <input_file id="fl-6b">
         <path>.\dsplib\source\vector\</path>
         <kind>object</kind>
         <file>msp_shift_q15.obj</file>
         <name>msp_shift_q15.obj</name>
      </input_file>
      <input_file id="fl-6c">
         <path>.\dsplib\source\vector\</path>
         <kind>object</kind>
         <file>msp_sub_iq31.obj</file>
         <name>msp_sub_iq31.obj</name>
      </input_file>
      <input_file id="fl-6d">
         <path>.\dsplib\source\vector\</path>
         <kind>object</kind>
         <file>msp_sub_q15.obj</file>
         <name>msp_sub_q15.obj</name>
      </input_file>
      <input_file id="fl-74">
         <kind>object</kind>
         <file>&lt;internal&gt;</file>
         <name>&lt;internal&gt;</name>
      </input_file>
      <input_file id="fl-94">
         <path>C:\ti\ccs1220\ccs\tools\compiler\ti-cgt-msp430_21.6.1.LTS\lib\</path>
         <kind>archive</kind>
         <file>rts430x_lc_rd_eabi.lib</file>
         <name>copy_decompress_lzss.c.obj</name>
      </input_file>
      <input_file id="fl-95">
         <path>C:\ti\ccs1220\ccs\tools\compiler\ti-cgt-msp430_21.6.1.LTS\lib\</path>
         <kind>archive</kind>
         <file>rts430x_lc_rd_eabi.lib</file>
         <name>copy_decompress_none.c.obj</name>
      </input_file>
      <input_file id="fl-96">
         <path>C:\ti\ccs1220\ccs\tools\compiler\ti-cgt-msp430_21.6.1.LTS\lib\</path>
         <kind>archive</kind>
         <file>rts430x_lc_rd_eabi.lib</file>
         <name>int19.asm.obj</name>
      </input_file>
      <input_file id="fl-97">
         <path>C:\ti\ccs1220\ccs\tools\compiler\ti-cgt-msp430_21.6.1.LTS\lib\</path>
         <kind>archive</kind>
         <file>rts430x_lc_rd_eabi.lib</file>
         <name>isr_trap.asm.obj</name>
      </input_file>
      <input_file id="fl-98">
         <path>C:\ti\ccs1220\ccs\tools\compiler\ti-cgt-msp430_21.6.1.LTS\lib\</path>
         <kind>archive</kind>
         <file>rts430x_lc_rd_eabi.lib</file>
         <name>int20.asm.obj</name>
      </input_file>
      <input_file id="fl-99">
         <path>C:\ti\ccs1220\ccs\tools\compiler\ti-cgt-msp430_21.6.1.LTS\lib\</path>
         <kind>archive</kind>
         <file>rts430x_lc_rd_eabi.lib</file>
         <name>int21.asm.obj</name>
      </input_file>
      <input_file id="fl-9a">
         <path>C:\ti\ccs1220\ccs\tools\compiler\ti-cgt-msp430_21.6.1.LTS\lib\</path>
         <kind>archive</kind>
         <file>rts430x_lc_rd_eabi.lib</file>
         <name>int22.asm.obj</name>
      </input_file>
      <input_file id="fl-9b">
         <path>C:\ti\ccs1220\ccs\tools\compiler\ti-cgt-msp430_21.6.1.LTS\lib\</path>
         <kind>archive</kind>
         <file>rts430x_lc_rd_eabi.lib</file>
         <name>int23.asm.obj</name>
      </input_file>
      <input_file id="fl-9c">
         <path>C:\ti\ccs1220\ccs\tools\compiler\ti-cgt-msp430_21.6.1.LTS\lib\</path>
         <kind>archive</kind>
         <file>rts430x_lc_rd_eabi.lib</file>
         <name>int24.asm.obj</name>
      </input_file>
      <input_file id="fl-9d">
         <path>C:\ti\ccs1220\ccs\tools\compiler\ti-cgt-msp430_21.6.1.LTS\lib\</path>
         <kind>archive</kind>
         <file>rts430x_lc_rd_eabi.lib</file>
         <name>int25.asm.obj</name>
      </input_file>
      <input_file id="fl-9e">
         <path>C:\ti\ccs1220\ccs\tools\compiler\ti-cgt-msp430_21.6.1.LTS\lib\</path>
         <kind>archive</kind>
         <file>rts430x_lc_rd_eabi.lib</file>
         <name>int26.asm.obj</name>
      </input_file>
      <input_file id="fl-9f">
         <path>C:\ti\ccs1220\ccs\tools\compiler\ti-cgt-msp430_21.6.1.LTS\lib\</path>
         <kind>archive</kind>
         <file>rts430x_lc_rd_eabi.lib</file>
         <name>int27.asm.obj</name>
      </input_file>
      <input_file id="fl-a0">
         <path>C:\ti\ccs1220\ccs\tools\compiler\ti-cgt-msp430_21.6.1.LTS\lib\</path>
         <kind>archive</kind>
         <file>rts430x_lc_rd_eabi.lib</file>
         <name>int28.asm.obj</name>
      </input_file>
      <input_file id="fl-a1">
         <path>C:\ti\ccs1220\ccs\tools\compiler\ti-cgt-msp430_21.6.1.LTS\lib\</path>
         <kind>archive</kind>
         <file>rts430x_lc_rd_eabi.lib</file>
         <name>int29.asm.obj</name>
      </input_file>
      <input_file id="fl-a2">
         <path>C:\ti\ccs1220\ccs\tools\compiler\ti-cgt-msp430_21.6.1.LTS\lib\</path>
         <kind>archive</kind>
         <file>rts430x_lc_rd_eabi.lib</file>
         <name>int30.asm.obj</name>
      </input_file>
      <input_file id="fl-a3">
         <path>C:\ti\ccs1220\ccs\tools\compiler\ti-cgt-msp430_21.6.1.LTS\lib\</path>
         <kind>archive</kind>
         <file>rts430x_lc_rd_eabi.lib</file>
         <name>int31.asm.obj</name>
      </input_file>
      <input_file id="fl-a4">
         <path>C:\ti\ccs1220\ccs\tools\compiler\ti-cgt-msp430_21.6.1.LTS\lib\</path>
         <kind>archive</kind>
         <file>rts430x_lc_rd_eabi.lib</file>
         <name>int32.asm.obj</name>
      </input_file>
      <input_file id="fl-a5">
         <path>C:\ti\ccs1220\ccs\tools\compiler\ti-cgt-msp430_21.6.1.LTS\lib\</path>
         <kind>archive</kind>
         <file>rts430x_lc_rd_eabi.lib</file>
         <name>int33.asm.obj</name>
      </input_file>
      <input_file id="fl-a6">
         <path>C:\ti\ccs1220\ccs\tools\compiler\ti-cgt-msp430_21.6.1.LTS\lib\</path>
         <kind>archive</kind>
         <file>rts430x_lc_rd_eabi.lib</file>
         <name>int34.asm.obj</name>
      </input_file>
      <input_file id="fl-a7">
         <path>C:\ti\ccs1220\ccs\tools\compiler\ti-cgt-msp430_21.6.1.LTS\lib\</path>
         <kind>archive</kind>
         <file>rts430x_lc_rd_eabi.lib</file>
         <name>int35.asm.obj</name>
      </input_file>
      <input_file id="fl-a8">
         <path>C:\ti\ccs1220\ccs\tools\compiler\ti-cgt-msp430_21.6.1.LTS\lib\</path>
         <kind>archive</kind>
         <file>rts430x_lc_rd_eabi.lib</file>
         <name>int36.asm.obj</name>
      </input_file>
      <input_file id="fl-a9">
         <path>C:\ti\ccs1220\ccs\tools\compiler\ti-cgt-msp430_21.6.1.LTS\lib\</path>
         <kind>archive</kind>
         <file>rts430x_lc_rd_eabi.lib</file>
         <name>int37.asm.obj</name>
      </input_file>
      <input_file id="fl-aa">
         <path>C:\ti\ccs1220\ccs\tools\compiler\ti-cgt-msp430_21.6.1.LTS\lib\</path>
         <kind>archive</kind>
         <file>rts430x_lc_rd_eabi.lib</file>
         <name>int38.asm.obj</name>
      </input_file>
      <input_file id="fl-ab">
         <path>C:\ti\ccs1220\ccs\tools\compiler\ti-cgt-msp430_21.6.1.LTS\lib\</path>
         <kind>archive</kind>
         <file>rts430x_lc_rd_eabi.lib</file>
         <name>int39.asm.obj</name>
      </input_file>
      <input_file id="fl-ac">
         <path>C:\ti\ccs1220\ccs\tools\compiler\ti-cgt-msp430_21.6.1.LTS\lib\</path>
         <kind>archive</kind>
         <file>rts430x_lc_rd_eabi.lib</file>
         <name>int40.asm.obj</name>
      </input_file>
      <input_file id="fl-ad">
         <path>C:\ti\ccs1220\ccs\tools\compiler\ti-cgt-msp430_21.6.1.LTS\lib\</path>
         <kind>archive</kind>
         <file>rts430x_lc_rd_eabi.lib</file>
         <name>int42.asm.obj</name>
      </input_file>
      <input_file id="fl-ae">
         <path>C:\ti\ccs1220\ccs\tools\compiler\ti-cgt-msp430_21.6.1.LTS\lib\</path>
         <kind>archive</kind>
         <file>rts430x_lc_rd_eabi.lib</file>
         <name>int43.asm.obj</name>
      </input_file>
      <input_file id="fl-af">
         <path>C:\ti\ccs1220\ccs\tools\compiler\ti-cgt-msp430_21.6.1.LTS\lib\</path>
         <kind>archive</kind>
         <file>rts430x_lc_rd_eabi.lib</file>
         <name>int44.asm.obj</name>
      </input_file>
      <input_file id="fl-b0">
         <path>C:\ti\ccs1220\ccs\tools\compiler\ti-cgt-msp430_21.6.1.LTS\lib\</path>
         <kind>archive</kind>
         <file>rts430x_lc_rd_eabi.lib</file>
         <name>int45.asm.obj</name>
      </input_file>
      <input_file id="fl-b1">
         <path>C:\ti\ccs1220\ccs\tools\compiler\ti-cgt-msp430_21.6.1.LTS\lib\</path>
         <kind>archive</kind>
         <file>rts430x_lc_rd_eabi.lib</file>
         <name>int46.asm.obj</name>
      </input_file>
      <input_file id="fl-b2">
         <path>C:\ti\ccs1220\ccs\tools\compiler\ti-cgt-msp430_21.6.1.LTS\lib\</path>
         <kind>archive</kind>
         <file>rts430x_lc_rd_eabi.lib</file>
         <name>int47.asm.obj</name>
      </input_file>
      <input_file id="fl-b3">
         <path>C:\ti\ccs1220\ccs\tools\compiler\ti-cgt-msp430_21.6.1.LTS\lib\</path>
         <kind>archive</kind>
         <file>rts430x_lc_rd_eabi.lib</file>
         <name>int48.asm.obj</name>
      </input_file>
      <input_file id="fl-b4">
         <path>C:\ti\ccs1220\ccs\tools\compiler\ti-cgt-msp430_21.6.1.LTS\lib\</path>
         <kind>archive</kind>
         <file>rts430x_lc_rd_eabi.lib</file>
         <name>int49.asm.obj</name>
      </input_file>
      <input_file id="fl-b5">
         <path>C:\ti\ccs1220\ccs\tools\compiler\ti-cgt-msp430_21.6.1.LTS\lib\</path>
         <kind>archive</kind>
         <file>rts430x_lc_rd_eabi.lib</file>
         <name>int50.asm.obj</name>
      </input_file>
      <input_file id="fl-b6">
         <path>C:\ti\ccs1220\ccs\tools\compiler\ti-cgt-msp430_21.6.1.LTS\lib\</path>
         <kind>archive</kind>
         <file>rts430x_lc_rd_eabi.lib</file>
         <name>int51.asm.obj</name>
      </input_file>
      <input_file id="fl-b7">
         <path>C:\ti\ccs1220\ccs\tools\compiler\ti-cgt-msp430_21.6.1.LTS\lib\</path>
         <kind>archive</kind>
         <file>rts430x_lc_rd_eabi.lib</file>
         <name>int52.asm.obj</name>
      </input_file>
      <input_file id="fl-b8">
         <path>C:\ti\ccs1220\ccs\tools\compiler\ti-cgt-msp430_21.6.1.LTS\lib\</path>
         <kind>archive</kind>
         <file>rts430x_lc_rd_eabi.lib</file>
         <name>int53.asm.obj</name>
      </input_file>
      <input_file id="fl-b9">
         <path>C:\ti\ccs1220\ccs\tools\compiler\ti-cgt-msp430_21.6.1.LTS\lib\</path>
         <kind>archive</kind>
         <file>rts430x_lc_rd_eabi.lib</file>
         <name>int54.asm.obj</name>
      </input_file>
      <input_file id="fl-ba">
         <path>C:\ti\ccs1220\ccs\tools\compiler\ti-cgt-msp430_21.6.1.LTS\lib\</path>
         <kind>archive</kind>
         <file>rts430x_lc_rd_eabi.lib</file>
         <name>copy_zero_init.c.obj</name>
      </input_file>
      <input_file id="fl-bb">
         <path>C:\ti\ccs1220\ccs\tools\compiler\ti-cgt-msp430_21.6.1.LTS\lib\</path>
         <kind>archive</kind>
         <file>rts430x_lc_rd_eabi.lib</file>
         <name>fs_cmp.asm.obj</name>
      </input_file>
      <input_file id="fl-bc">
         <path>C:\ti\ccs1220\ccs\tools\compiler\ti-cgt-msp430_21.6.1.LTS\lib\</path>
         <kind>archive</kind>
         <file>rts430x_lc_rd_eabi.lib</file>
         <name>cvtfd.c.obj</name>
      </input_file>
      <input_file id="fl-bd">
         <path>C:\ti\ccs1220\ccs\tools\compiler\ti-cgt-msp430_21.6.1.LTS\lib\</path>
         <kind>archive</kind>
         <file>rts430x_lc_rd_eabi.lib</file>
         <name>fs_div.asm.obj</name>
      </input_file>
      <input_file id="fl-be">
         <path>C:\ti\ccs1220\ccs\tools\compiler\ti-cgt-msp430_21.6.1.LTS\lib\</path>
         <kind>archive</kind>
         <file>rts430x_lc_rd_eabi.lib</file>
         <name>div16s.asm.obj</name>
      </input_file>
      <input_file id="fl-bf">
         <path>C:\ti\ccs1220\ccs\tools\compiler\ti-cgt-msp430_21.6.1.LTS\lib\</path>
         <kind>archive</kind>
         <file>rts430x_lc_rd_eabi.lib</file>
         <name>div16u.asm.obj</name>
      </input_file>
      <input_file id="fl-c0">
         <path>C:\ti\ccs1220\ccs\tools\compiler\ti-cgt-msp430_21.6.1.LTS\lib\</path>
         <kind>archive</kind>
         <file>rts430x_lc_rd_eabi.lib</file>
         <name>fixdi.c.obj</name>
      </input_file>
      <input_file id="fl-c1">
         <path>C:\ti\ccs1220\ccs\tools\compiler\ti-cgt-msp430_21.6.1.LTS\lib\</path>
         <kind>archive</kind>
         <file>rts430x_lc_rd_eabi.lib</file>
         <name>fixdli.c.obj</name>
      </input_file>
      <input_file id="fl-c2">
         <path>C:\ti\ccs1220\ccs\tools\compiler\ti-cgt-msp430_21.6.1.LTS\lib\</path>
         <kind>archive</kind>
         <file>rts430x_lc_rd_eabi.lib</file>
         <name>fs_itof.asm.obj</name>
      </input_file>
      <input_file id="fl-c3">
         <path>C:\ti\ccs1220\ccs\tools\compiler\ti-cgt-msp430_21.6.1.LTS\lib\</path>
         <kind>archive</kind>
         <file>rts430x_lc_rd_eabi.lib</file>
         <name>mpyd.c.obj</name>
      </input_file>
      <input_file id="fl-c4">
         <path>C:\ti\ccs1220\ccs\tools\compiler\ti-cgt-msp430_21.6.1.LTS\lib\</path>
         <kind>archive</kind>
         <file>rts430x_lc_rd_eabi.lib</file>
         <name>frcmpyd.c.obj</name>
      </input_file>
      <input_file id="fl-c5">
         <path>C:\ti\ccs1220\ccs\tools\compiler\ti-cgt-msp430_21.6.1.LTS\lib\</path>
         <kind>archive</kind>
         <file>rts430x_lc_rd_eabi.lib</file>
         <name>mult16.asm.obj</name>
      </input_file>
      <input_file id="fl-c6">
         <path>C:\ti\ccs1220\ccs\tools\compiler\ti-cgt-msp430_21.6.1.LTS\lib\</path>
         <kind>archive</kind>
         <file>rts430x_lc_rd_eabi.lib</file>
         <name>mult16_f5hw.asm.obj</name>
      </input_file>
      <input_file id="fl-c7">
         <path>C:\ti\ccs1220\ccs\tools\compiler\ti-cgt-msp430_21.6.1.LTS\lib\</path>
         <kind>archive</kind>
         <file>rts430x_lc_rd_eabi.lib</file>
         <name>mult32.asm.obj</name>
      </input_file>
      <input_file id="fl-c8">
         <path>C:\ti\ccs1220\ccs\tools\compiler\ti-cgt-msp430_21.6.1.LTS\lib\</path>
         <kind>archive</kind>
         <file>rts430x_lc_rd_eabi.lib</file>
         <name>mult32_f5hw.asm.obj</name>
      </input_file>
      <input_file id="fl-c9">
         <path>C:\ti\ccs1220\ccs\tools\compiler\ti-cgt-msp430_21.6.1.LTS\lib\</path>
         <kind>archive</kind>
         <file>rts430x_lc_rd_eabi.lib</file>
         <name>mult64.asm.obj</name>
      </input_file>
      <input_file id="fl-ca">
         <path>C:\ti\ccs1220\ccs\tools\compiler\ti-cgt-msp430_21.6.1.LTS\lib\</path>
         <kind>archive</kind>
         <file>rts430x_lc_rd_eabi.lib</file>
         <name>mult64_f5hw.asm.obj</name>
      </input_file>
      <input_file id="fl-cb">
         <path>C:\ti\ccs1220\ccs\tools\compiler\ti-cgt-msp430_21.6.1.LTS\lib\</path>
         <kind>archive</kind>
         <file>rts430x_lc_rd_eabi.lib</file>
         <name>mult1632_f5hw.asm.obj</name>
      </input_file>
      <input_file id="fl-cc">
         <path>C:\ti\ccs1220\ccs\tools\compiler\ti-cgt-msp430_21.6.1.LTS\lib\</path>
         <kind>archive</kind>
         <file>rts430x_lc_rd_eabi.lib</file>
         <name>mult3264_f5hw.asm.obj</name>
      </input_file>
      <input_file id="fl-cd">
         <path>C:\ti\ccs1220\ccs\tools\compiler\ti-cgt-msp430_21.6.1.LTS\lib\</path>
         <kind>archive</kind>
         <file>rts430x_lc_rd_eabi.lib</file>
         <name>mult1632.asm.obj</name>
      </input_file>
      <input_file id="fl-ce">
         <path>C:\ti\ccs1220\ccs\tools\compiler\ti-cgt-msp430_21.6.1.LTS\lib\</path>
         <kind>archive</kind>
         <file>rts430x_lc_rd_eabi.lib</file>
         <name>mult3264.asm.obj</name>
      </input_file>
      <input_file id="fl-cf">
         <path>C:\ti\ccs1220\ccs\tools\compiler\ti-cgt-msp430_21.6.1.LTS\lib\</path>
         <kind>archive</kind>
         <file>rts430x_lc_rd_eabi.lib</file>
         <name>lsl16.asm.obj</name>
      </input_file>
      <input_file id="fl-d0">
         <path>C:\ti\ccs1220\ccs\tools\compiler\ti-cgt-msp430_21.6.1.LTS\lib\</path>
         <kind>archive</kind>
         <file>rts430x_lc_rd_eabi.lib</file>
         <name>lsl32.asm.obj</name>
      </input_file>
      <input_file id="fl-d1">
         <path>C:\ti\ccs1220\ccs\tools\compiler\ti-cgt-msp430_21.6.1.LTS\lib\</path>
         <kind>archive</kind>
         <file>rts430x_lc_rd_eabi.lib</file>
         <name>lsl64.c.obj</name>
      </input_file>
      <input_file id="fl-d2">
         <path>C:\ti\ccs1220\ccs\tools\compiler\ti-cgt-msp430_21.6.1.LTS\lib\</path>
         <kind>archive</kind>
         <file>rts430x_lc_rd_eabi.lib</file>
         <name>asr32.asm.obj</name>
      </input_file>
      <input_file id="fl-d3">
         <path>C:\ti\ccs1220\ccs\tools\compiler\ti-cgt-msp430_21.6.1.LTS\lib\</path>
         <kind>archive</kind>
         <file>rts430x_lc_rd_eabi.lib</file>
         <name>lsr32.asm.obj</name>
      </input_file>
      <input_file id="fl-d4">
         <path>C:\ti\ccs1220\ccs\tools\compiler\ti-cgt-msp430_21.6.1.LTS\lib\</path>
         <kind>archive</kind>
         <file>rts430x_lc_rd_eabi.lib</file>
         <name>lsr64.c.obj</name>
      </input_file>
      <input_file id="fl-d5">
         <path>C:\ti\ccs1220\ccs\tools\compiler\ti-cgt-msp430_21.6.1.LTS\lib\</path>
         <kind>archive</kind>
         <file>rts430x_lc_rd_eabi.lib</file>
         <name>fs_add.asm.obj</name>
      </input_file>
      <input_file id="fl-d6">
         <path>C:\ti\ccs1220\ccs\tools\compiler\ti-cgt-msp430_21.6.1.LTS\lib\</path>
         <kind>archive</kind>
         <file>rts430x_lc_rd_eabi.lib</file>
         <name>boot.c.obj</name>
      </input_file>
      <input_file id="fl-d7">
         <path>C:\ti\ccs1220\ccs\ccs_base\msp430\lib\FR59xx\</path>
         <kind>archive</kind>
         <file>MSPMPU_INIT_LIB_CCS_msp430_large_code_restricted_data.lib</file>
         <name>mpu_init.o</name>
      </input_file>
      <input_file id="fl-d8">
         <path>C:\ti\ccs1220\ccs\tools\compiler\ti-cgt-msp430_21.6.1.LTS\lib\</path>
         <kind>archive</kind>
         <file>rts430x_lc_rd_eabi.lib</file>
         <name>args_main.c.obj</name>
      </input_file>
      <input_file id="fl-d9">
         <path>C:\ti\ccs1220\ccs\tools\compiler\ti-cgt-msp430_21.6.1.LTS\lib\</path>
         <kind>archive</kind>
         <file>rts430x_lc_rd_eabi.lib</file>
         <name>autoinit.c.obj</name>
      </input_file>
      <input_file id="fl-da">
         <path>C:\ti\ccs1220\ccs\tools\compiler\ti-cgt-msp430_21.6.1.LTS\lib\</path>
         <kind>archive</kind>
         <file>rts430x_lc_rd_eabi.lib</file>
         <name>startup.c.obj</name>
      </input_file>
      <input_file id="fl-db">
         <path>C:\ti\ccs1220\ccs\tools\compiler\ti-cgt-msp430_21.6.1.LTS\lib\</path>
         <kind>archive</kind>
         <file>rts430x_lc_rd_eabi.lib</file>
         <name>pre_init.c.obj</name>
      </input_file>
      <input_file id="fl-dc">
         <path>C:\ti\ccs1220\ccs\tools\compiler\ti-cgt-msp430_21.6.1.LTS\lib\</path>
         <kind>archive</kind>
         <file>rts430x_lc_rd_eabi.lib</file>
         <name>cpy_tbl.c.obj</name>
      </input_file>
      <input_file id="fl-dd">
         <path>C:\ti\ccs1220\ccs\tools\compiler\ti-cgt-msp430_21.6.1.LTS\lib\</path>
         <kind>archive</kind>
         <file>rts430x_lc_rd_eabi.lib</file>
         <name>exit.c.obj</name>
      </input_file>
      <input_file id="fl-de">
         <path>C:\ti\ccs1220\ccs\tools\compiler\ti-cgt-msp430_21.6.1.LTS\lib\</path>
         <kind>archive</kind>
         <file>rts430x_lc_rd_eabi.lib</file>
         <name>exit_gvars.c.obj</name>
      </input_file>
      <input_file id="fl-df">
         <path>C:\ti\ccs1220\ccs\tools\compiler\ti-cgt-msp430_21.6.1.LTS\lib\</path>
         <kind>archive</kind>
         <file>rts430x_lc_rd_eabi.lib</file>
         <name>_lock.c.obj</name>
      </input_file>
      <input_file id="fl-e0">
         <path>C:\ti\ccs1220\ccs\tools\compiler\ti-cgt-msp430_21.6.1.LTS\lib\</path>
         <kind>archive</kind>
         <file>rts430x_lc_rd_eabi.lib</file>
         <name>memcpy.c.obj</name>
      </input_file>
      <input_file id="fl-e1">
         <path>C:\ti\ccs1220\ccs\tools\compiler\ti-cgt-msp430_21.6.1.LTS\lib\</path>
         <kind>archive</kind>
         <file>rts430x_lc_rd_eabi.lib</file>
         <name>e_pow.c.obj</name>
      </input_file>
      <input_file id="fl-e2">
         <path>C:\ti\ccs1220\ccs\tools\compiler\ti-cgt-msp430_21.6.1.LTS\lib\</path>
         <kind>archive</kind>
         <file>rts430x_lc_rd_eabi.lib</file>
         <name>addd.c.obj</name>
      </input_file>
      <input_file id="fl-e3">
         <path>C:\ti\ccs1220\ccs\tools\compiler\ti-cgt-msp430_21.6.1.LTS\lib\</path>
         <kind>archive</kind>
         <file>rts430x_lc_rd_eabi.lib</file>
         <name>cmpd.c.obj</name>
      </input_file>
      <input_file id="fl-e4">
         <path>C:\ti\ccs1220\ccs\tools\compiler\ti-cgt-msp430_21.6.1.LTS\lib\</path>
         <kind>archive</kind>
         <file>rts430x_lc_rd_eabi.lib</file>
         <name>divd.c.obj</name>
      </input_file>
      <input_file id="fl-e5">
         <path>C:\ti\ccs1220\ccs\tools\compiler\ti-cgt-msp430_21.6.1.LTS\lib\</path>
         <kind>archive</kind>
         <file>rts430x_lc_rd_eabi.lib</file>
         <name>frcdivd.c.obj</name>
      </input_file>
      <input_file id="fl-e6">
         <path>C:\ti\ccs1220\ccs\tools\compiler\ti-cgt-msp430_21.6.1.LTS\lib\</path>
         <kind>archive</kind>
         <file>rts430x_lc_rd_eabi.lib</file>
         <name>fltlid.c.obj</name>
      </input_file>
      <input_file id="fl-e7">
         <path>C:\ti\ccs1220\ccs\tools\compiler\ti-cgt-msp430_21.6.1.LTS\lib\</path>
         <kind>archive</kind>
         <file>rts430x_lc_rd_eabi.lib</file>
         <name>negd.c.obj</name>
      </input_file>
      <input_file id="fl-e8">
         <path>C:\ti\ccs1220\ccs\tools\compiler\ti-cgt-msp430_21.6.1.LTS\lib\</path>
         <kind>archive</kind>
         <file>rts430x_lc_rd_eabi.lib</file>
         <name>asr64.c.obj</name>
      </input_file>
      <input_file id="fl-e9">
         <path>C:\ti\ccs1220\ccs\tools\compiler\ti-cgt-msp430_21.6.1.LTS\lib\</path>
         <kind>archive</kind>
         <file>rts430x_lc_rd_eabi.lib</file>
         <name>subd.c.obj</name>
      </input_file>
      <input_file id="fl-ea">
         <path>C:\ti\ccs1220\ccs\tools\compiler\ti-cgt-msp430_21.6.1.LTS\lib\</path>
         <kind>archive</kind>
         <file>rts430x_lc_rd_eabi.lib</file>
         <name>errno.c.obj</name>
      </input_file>
      <input_file id="fl-eb">
         <path>C:\ti\ccs1220\ccs\tools\compiler\ti-cgt-msp430_21.6.1.LTS\lib\</path>
         <kind>archive</kind>
         <file>rts430x_lc_rd_eabi.lib</file>
         <name>printf.c.obj</name>
      </input_file>
      <input_file id="fl-ec">
         <path>C:\ti\ccs1220\ccs\tools\compiler\ti-cgt-msp430_21.6.1.LTS\lib\</path>
         <kind>archive</kind>
         <file>rts430x_lc_rd_eabi.lib</file>
         <name>_printfi.c.obj</name>
      </input_file>
      <input_file id="fl-ed">
         <path>C:\ti\ccs1220\ccs\tools\compiler\ti-cgt-msp430_21.6.1.LTS\lib\</path>
         <kind>archive</kind>
         <file>rts430x_lc_rd_eabi.lib</file>
         <name>_ltoa.c.obj</name>
      </input_file>
      <input_file id="fl-ee">
         <path>C:\ti\ccs1220\ccs\tools\compiler\ti-cgt-msp430_21.6.1.LTS\lib\</path>
         <kind>archive</kind>
         <file>rts430x_lc_rd_eabi.lib</file>
         <name>div32s.asm.obj</name>
      </input_file>
      <input_file id="fl-ef">
         <path>C:\ti\ccs1220\ccs\tools\compiler\ti-cgt-msp430_21.6.1.LTS\lib\</path>
         <kind>archive</kind>
         <file>rts430x_lc_rd_eabi.lib</file>
         <name>div32u.asm.obj</name>
      </input_file>
      <input_file id="fl-f0">
         <path>C:\ti\ccs1220\ccs\tools\compiler\ti-cgt-msp430_21.6.1.LTS\lib\</path>
         <kind>archive</kind>
         <file>rts430x_lc_rd_eabi.lib</file>
         <name>div64u.c.obj</name>
      </input_file>
      <input_file id="fl-f1">
         <path>C:\ti\ccs1220\ccs\tools\compiler\ti-cgt-msp430_21.6.1.LTS\lib\</path>
         <kind>archive</kind>
         <file>rts430x_lc_rd_eabi.lib</file>
         <name>fltid.c.obj</name>
      </input_file>
      <input_file id="fl-f2">
         <path>C:\ti\ccs1220\ccs\tools\compiler\ti-cgt-msp430_21.6.1.LTS\lib\</path>
         <kind>archive</kind>
         <file>rts430x_lc_rd_eabi.lib</file>
         <name>defs.c.obj</name>
      </input_file>
      <input_file id="fl-f3">
         <path>C:\ti\ccs1220\ccs\tools\compiler\ti-cgt-msp430_21.6.1.LTS\lib\</path>
         <kind>archive</kind>
         <file>rts430x_lc_rd_eabi.lib</file>
         <name>abs.c.obj</name>
      </input_file>
      <input_file id="fl-f4">
         <path>C:\ti\ccs1220\ccs\tools\compiler\ti-cgt-msp430_21.6.1.LTS\lib\</path>
         <kind>archive</kind>
         <file>rts430x_lc_rd_eabi.lib</file>
         <name>atoi.c.obj</name>
      </input_file>
      <input_file id="fl-f5">
         <path>C:\ti\ccs1220\ccs\tools\compiler\ti-cgt-msp430_21.6.1.LTS\lib\</path>
         <kind>archive</kind>
         <file>rts430x_lc_rd_eabi.lib</file>
         <name>ctype.c.obj</name>
      </input_file>
      <input_file id="fl-f6">
         <path>C:\ti\ccs1220\ccs\tools\compiler\ti-cgt-msp430_21.6.1.LTS\lib\</path>
         <kind>archive</kind>
         <file>rts430x_lc_rd_eabi.lib</file>
         <name>fputc.c.obj</name>
      </input_file>
      <input_file id="fl-f7">
         <path>C:\ti\ccs1220\ccs\tools\compiler\ti-cgt-msp430_21.6.1.LTS\lib\</path>
         <kind>archive</kind>
         <file>rts430x_lc_rd_eabi.lib</file>
         <name>fflush.c.obj</name>
      </input_file>
      <input_file id="fl-f8">
         <path>C:\ti\ccs1220\ccs\tools\compiler\ti-cgt-msp430_21.6.1.LTS\lib\</path>
         <kind>archive</kind>
         <file>rts430x_lc_rd_eabi.lib</file>
         <name>_io_perm.c.obj</name>
      </input_file>
      <input_file id="fl-f9">
         <path>C:\ti\ccs1220\ccs\tools\compiler\ti-cgt-msp430_21.6.1.LTS\lib\</path>
         <kind>archive</kind>
         <file>rts430x_lc_rd_eabi.lib</file>
         <name>fputs.c.obj</name>
      </input_file>
      <input_file id="fl-fa">
         <path>C:\ti\ccs1220\ccs\tools\compiler\ti-cgt-msp430_21.6.1.LTS\lib\</path>
         <kind>archive</kind>
         <file>rts430x_lc_rd_eabi.lib</file>
         <name>s_frexp.c.obj</name>
      </input_file>
      <input_file id="fl-fb">
         <path>C:\ti\ccs1220\ccs\tools\compiler\ti-cgt-msp430_21.6.1.LTS\lib\</path>
         <kind>archive</kind>
         <file>rts430x_lc_rd_eabi.lib</file>
         <name>fseek.c.obj</name>
      </input_file>
      <input_file id="fl-fc">
         <path>C:\ti\ccs1220\ccs\tools\compiler\ti-cgt-msp430_21.6.1.LTS\lib\</path>
         <kind>archive</kind>
         <file>rts430x_lc_rd_eabi.lib</file>
         <name>s_scalbn.c.obj</name>
      </input_file>
      <input_file id="fl-fd">
         <path>C:\ti\ccs1220\ccs\tools\compiler\ti-cgt-msp430_21.6.1.LTS\lib\</path>
         <kind>archive</kind>
         <file>rts430x_lc_rd_eabi.lib</file>
         <name>s_copysign.c.obj</name>
      </input_file>
      <input_file id="fl-fe">
         <path>C:\ti\ccs1220\ccs\tools\compiler\ti-cgt-msp430_21.6.1.LTS\lib\</path>
         <kind>archive</kind>
         <file>rts430x_lc_rd_eabi.lib</file>
         <name>lseek.c.obj</name>
      </input_file>
      <input_file id="fl-ff">
         <path>C:\ti\ccs1220\ccs\tools\compiler\ti-cgt-msp430_21.6.1.LTS\lib\</path>
         <kind>archive</kind>
         <file>rts430x_lc_rd_eabi.lib</file>
         <name>host_device.c.obj</name>
      </input_file>
      <input_file id="fl-100">
         <path>C:\ti\ccs1220\ccs\tools\compiler\ti-cgt-msp430_21.6.1.LTS\lib\</path>
         <kind>archive</kind>
         <file>rts430x_lc_rd_eabi.lib</file>
         <name>hostclose.c.obj</name>
      </input_file>
      <input_file id="fl-101">
         <path>C:\ti\ccs1220\ccs\tools\compiler\ti-cgt-msp430_21.6.1.LTS\lib\</path>
         <kind>archive</kind>
         <file>rts430x_lc_rd_eabi.lib</file>
         <name>hostlseek.c.obj</name>
      </input_file>
      <input_file id="fl-102">
         <path>C:\ti\ccs1220\ccs\tools\compiler\ti-cgt-msp430_21.6.1.LTS\lib\</path>
         <kind>archive</kind>
         <file>rts430x_lc_rd_eabi.lib</file>
         <name>hostopen.c.obj</name>
      </input_file>
      <input_file id="fl-103">
         <path>C:\ti\ccs1220\ccs\tools\compiler\ti-cgt-msp430_21.6.1.LTS\lib\</path>
         <kind>archive</kind>
         <file>rts430x_lc_rd_eabi.lib</file>
         <name>hostread.c.obj</name>
      </input_file>
      <input_file id="fl-104">
         <path>C:\ti\ccs1220\ccs\tools\compiler\ti-cgt-msp430_21.6.1.LTS\lib\</path>
         <kind>archive</kind>
         <file>rts430x_lc_rd_eabi.lib</file>
         <name>hostrename.c.obj</name>
      </input_file>
      <input_file id="fl-105">
         <path>C:\ti\ccs1220\ccs\tools\compiler\ti-cgt-msp430_21.6.1.LTS\lib\</path>
         <kind>archive</kind>
         <file>rts430x_lc_rd_eabi.lib</file>
         <name>hostunlink.c.obj</name>
      </input_file>
      <input_file id="fl-106">
         <path>C:\ti\ccs1220\ccs\tools\compiler\ti-cgt-msp430_21.6.1.LTS\lib\</path>
         <kind>archive</kind>
         <file>rts430x_lc_rd_eabi.lib</file>
         <name>hostwrite.c.obj</name>
      </input_file>
      <input_file id="fl-107">
         <path>C:\ti\ccs1220\ccs\tools\compiler\ti-cgt-msp430_21.6.1.LTS\lib\</path>
         <kind>archive</kind>
         <file>rts430x_lc_rd_eabi.lib</file>
         <name>trgmsg.c.obj</name>
      </input_file>
      <input_file id="fl-108">
         <path>C:\ti\ccs1220\ccs\tools\compiler\ti-cgt-msp430_21.6.1.LTS\lib\</path>
         <kind>archive</kind>
         <file>rts430x_lc_rd_eabi.lib</file>
         <name>memccpy.c.obj</name>
      </input_file>
      <input_file id="fl-109">
         <path>C:\ti\ccs1220\ccs\tools\compiler\ti-cgt-msp430_21.6.1.LTS\lib\</path>
         <kind>archive</kind>
         <file>rts430x_lc_rd_eabi.lib</file>
         <name>memchr.c.obj</name>
      </input_file>
      <input_file id="fl-10a">
         <path>C:\ti\ccs1220\ccs\tools\compiler\ti-cgt-msp430_21.6.1.LTS\lib\</path>
         <kind>archive</kind>
         <file>rts430x_lc_rd_eabi.lib</file>
         <name>memset.c.obj</name>
      </input_file>
      <input_file id="fl-10b">
         <path>C:\ti\ccs1220\ccs\tools\compiler\ti-cgt-msp430_21.6.1.LTS\lib\</path>
         <kind>archive</kind>
         <file>rts430x_lc_rd_eabi.lib</file>
         <name>setvbuf.c.obj</name>
      </input_file>
      <input_file id="fl-10c">
         <path>C:\ti\ccs1220\ccs\tools\compiler\ti-cgt-msp430_21.6.1.LTS\lib\</path>
         <kind>archive</kind>
         <file>rts430x_lc_rd_eabi.lib</file>
         <name>fopen.c.obj</name>
      </input_file>
      <input_file id="fl-10d">
         <path>C:\ti\ccs1220\ccs\tools\compiler\ti-cgt-msp430_21.6.1.LTS\lib\</path>
         <kind>archive</kind>
         <file>rts430x_lc_rd_eabi.lib</file>
         <name>fclose.c.obj</name>
      </input_file>
      <input_file id="fl-10e">
         <path>C:\ti\ccs1220\ccs\tools\compiler\ti-cgt-msp430_21.6.1.LTS\lib\</path>
         <kind>archive</kind>
         <file>rts430x_lc_rd_eabi.lib</file>
         <name>close.c.obj</name>
      </input_file>
      <input_file id="fl-10f">
         <path>C:\ti\ccs1220\ccs\tools\compiler\ti-cgt-msp430_21.6.1.LTS\lib\</path>
         <kind>archive</kind>
         <file>rts430x_lc_rd_eabi.lib</file>
         <name>memory.c.obj</name>
      </input_file>
      <input_file id="fl-110">
         <path>C:\ti\ccs1220\ccs\tools\compiler\ti-cgt-msp430_21.6.1.LTS\lib\</path>
         <kind>archive</kind>
         <file>rts430x_lc_rd_eabi.lib</file>
         <name>open.c.obj</name>
      </input_file>
      <input_file id="fl-111">
         <path>C:\ti\ccs1220\ccs\tools\compiler\ti-cgt-msp430_21.6.1.LTS\lib\</path>
         <kind>archive</kind>
         <file>rts430x_lc_rd_eabi.lib</file>
         <name>getdevice.c.obj</name>
      </input_file>
      <input_file id="fl-112">
         <path>C:\ti\ccs1220\ccs\tools\compiler\ti-cgt-msp430_21.6.1.LTS\lib\</path>
         <kind>archive</kind>
         <file>rts430x_lc_rd_eabi.lib</file>
         <name>remove.c.obj</name>
      </input_file>
      <input_file id="fl-113">
         <path>C:\ti\ccs1220\ccs\tools\compiler\ti-cgt-msp430_21.6.1.LTS\lib\</path>
         <kind>archive</kind>
         <file>rts430x_lc_rd_eabi.lib</file>
         <name>e_sqrt.c.obj</name>
      </input_file>
      <input_file id="fl-114">
         <path>C:\ti\ccs1220\ccs\tools\compiler\ti-cgt-msp430_21.6.1.LTS\lib\</path>
         <kind>archive</kind>
         <file>rts430x_lc_rd_eabi.lib</file>
         <name>strchr.c.obj</name>
      </input_file>
      <input_file id="fl-115">
         <path>C:\ti\ccs1220\ccs\tools\compiler\ti-cgt-msp430_21.6.1.LTS\lib\</path>
         <kind>archive</kind>
         <file>rts430x_lc_rd_eabi.lib</file>
         <name>strcmp.c.obj</name>
      </input_file>
      <input_file id="fl-116">
         <path>C:\ti\ccs1220\ccs\tools\compiler\ti-cgt-msp430_21.6.1.LTS\lib\</path>
         <kind>archive</kind>
         <file>rts430x_lc_rd_eabi.lib</file>
         <name>strcpy.c.obj</name>
      </input_file>
      <input_file id="fl-117">
         <path>C:\ti\ccs1220\ccs\tools\compiler\ti-cgt-msp430_21.6.1.LTS\lib\</path>
         <kind>archive</kind>
         <file>rts430x_lc_rd_eabi.lib</file>
         <name>strlen.c.obj</name>
      </input_file>
      <input_file id="fl-118">
         <path>C:\ti\ccs1220\ccs\tools\compiler\ti-cgt-msp430_21.6.1.LTS\lib\</path>
         <kind>archive</kind>
         <file>rts430x_lc_rd_eabi.lib</file>
         <name>strncpy.c.obj</name>
      </input_file>
      <input_file id="fl-119">
         <path>C:\ti\ccs1220\ccs\tools\compiler\ti-cgt-msp430_21.6.1.LTS\lib\</path>
         <kind>archive</kind>
         <file>rts430x_lc_rd_eabi.lib</file>
         <name>toupper.c.obj</name>
      </input_file>
      <input_file id="fl-11a">
         <path>C:\ti\ccs1220\ccs\tools\compiler\ti-cgt-msp430_21.6.1.LTS\lib\</path>
         <kind>archive</kind>
         <file>rts430x_lc_rd_eabi.lib</file>
         <name>unlink.c.obj</name>
      </input_file>
      <input_file id="fl-11b">
         <path>C:\ti\ccs1220\ccs\tools\compiler\ti-cgt-msp430_21.6.1.LTS\lib\</path>
         <kind>archive</kind>
         <file>rts430x_lc_rd_eabi.lib</file>
         <name>wcslen.c.obj</name>
      </input_file>
      <input_file id="fl-11c">
         <path>C:\ti\ccs1220\ccs\tools\compiler\ti-cgt-msp430_21.6.1.LTS\lib\</path>
         <kind>archive</kind>
         <file>rts430x_lc_rd_eabi.lib</file>
         <name>write.c.obj</name>
      </input_file>
   </input_file_list>
   <object_component_list>
      <object_component id="oc-912">
         <name>.TI.persistent:f_layer1</name>
         <load_address>0x4000</load_address>
         <run_address>0x4000</run_address>
         <size>0x1b00</size>
         <input_file_ref idref="fl-2"/>
      </object_component>
      <object_component id="oc-924">
         <name>.TI.persistent:n_weight2_3</name>
         <load_address>0x5b00</load_address>
         <run_address>0x5b00</run_address>
         <size>0x12c0</size>
         <input_file_ref idref="fl-2"/>
      </object_component>
      <object_component id="oc-927">
         <name>.TI.persistent:f_layer3</name>
         <load_address>0x6dc0</load_address>
         <run_address>0x6dc0</run_address>
         <size>0x800</size>
         <input_file_ref idref="fl-2"/>
      </object_component>
      <object_component id="oc-921">
         <name>.TI.persistent:f_layer2</name>
         <load_address>0x75c0</load_address>
         <run_address>0x75c0</run_address>
         <size>0x6c0</size>
         <input_file_ref idref="fl-2"/>
      </object_component>
      <object_component id="oc-8c9">
         <name>.TI.persistent:f_input</name>
         <load_address>0x7c80</load_address>
         <run_address>0x7c80</run_address>
         <size>0x620</size>
         <input_file_ref idref="fl-2"/>
      </object_component>
      <object_component id="oc-92d">
         <name>.TI.persistent:f_layer4</name>
         <load_address>0x82a0</load_address>
         <run_address>0x82a0</run_address>
         <size>0x200</size>
         <input_file_ref idref="fl-2"/>
      </object_component>
      <object_component id="oc-a4c">
         <name>.TI.persistent:f_layerLast</name>
         <load_address>0x84a0</load_address>
         <run_address>0x84a0</run_address>
         <size>0x200</size>
         <input_file_ref idref="fl-2"/>
      </object_component>
      <object_component id="oc-8f6">
         <name>.TI.persistent:n_weight0_1</name>
         <load_address>0x86a0</load_address>
         <run_address>0x86a0</run_address>
         <size>0x12c</size>
         <input_file_ref idref="fl-2"/>
      </object_component>
      <object_component id="oc-92a">
         <name>.TI.persistent:n_bias2_3</name>
         <load_address>0x87cc</load_address>
         <run_address>0x87cc</run_address>
         <size>0x20</size>
         <input_file_ref idref="fl-2"/>
      </object_component>
      <object_component id="oc-93d">
         <name>.TI.persistent:f_output</name>
         <load_address>0x87ec</load_address>
         <run_address>0x87ec</run_address>
         <size>0x14</size>
         <input_file_ref idref="fl-2"/>
      </object_component>
      <object_component id="oc-a5c">
         <name>.TI.persistent:n_bias5_6</name>
         <load_address>0x8800</load_address>
         <run_address>0x8800</run_address>
         <size>0x14</size>
         <input_file_ref idref="fl-2"/>
      </object_component>
      <object_component id="oc-915">
         <name>.TI.persistent:n_bias0_1</name>
         <load_address>0x8814</load_address>
         <run_address>0x8814</run_address>
         <size>0xc</size>
         <input_file_ref idref="fl-2"/>
      </object_component>
      <object_component id="oc-ce5">
         <name>.cio</name>
         <load_address>0x8820</load_address>
         <run_address>0x8820</run_address>
         <size>0x120</size>
         <input_file_ref idref="fl-107"/>
      </object_component>
      <object_component id="oc-6ca">
         <name>.sysmem</name>
         <load_address>0x8940</load_address>
         <run_address>0x8940</run_address>
         <size>0x8</size>
         <input_file_ref idref="fl-10f"/>
      </object_component>
      <object_component id="oc-dad">
         <name>.sysmem</name>
         <load_address>0x8940</load_address>
         <run_address>0x8940</run_address>
         <size>0x0</size>
      </object_component>
      <object_component id="oc-daa">
         <name>.cinit..data.load</name>
         <load_address>0xa4fe</load_address>
         <run_address>0xa4fe</run_address>
         <size>0x56</size>
      </object_component>
      <object_component id="oc-da7">
         <name>__TI_handler_table</name>
         <load_address>0xa554</load_address>
         <run_address>0xa554</run_address>
         <size>0xc</size>
      </object_component>
      <object_component id="oc-dab">
         <name>.cinit..leaRAM.load</name>
         <load_address>0xa560</load_address>
         <run_address>0xa560</run_address>
         <size>0x9</size>
      </object_component>
      <object_component id="oc-da9">
         <name>.cinit..bss.load</name>
         <load_address>0xa56a</load_address>
         <run_address>0xa56a</run_address>
         <size>0x6</size>
      </object_component>
      <object_component id="oc-da8">
         <name>__TI_cinit_table</name>
         <load_address>0xa570</load_address>
         <run_address>0xa570</run_address>
         <size>0x18</size>
      </object_component>
      <object_component id="oc-d36">
         <name>.binit</name>
         <load_address>0x4000</load_address>
         <run_address>0x4000</run_address>
         <size>0x0</size>
      </object_component>
      <object_component id="oc-720">
         <name>.text:_isr:_c_int00_noargs_mpu</name>
         <load_address>0x8c00</load_address>
         <run_address>0x8c00</run_address>
         <size>0x20</size>
         <input_file_ref idref="fl-d6"/>
      </object_component>
      <object_component id="oc-6e5">
         <name>.text:_isr:msp_lea_isr</name>
         <load_address>0x8c20</load_address>
         <run_address>0x8c20</run_address>
         <size>0x1c</size>
         <input_file_ref idref="fl-10"/>
      </object_component>
      <object_component id="oc-6f0">
         <name>.text:_isr:Timer1_A0_ISR</name>
         <load_address>0x8c3c</load_address>
         <run_address>0x8c3c</run_address>
         <size>0x14</size>
         <input_file_ref idref="fl-3"/>
      </object_component>
      <object_component id="oc-6eb">
         <name>.text:_isr:__TI_ISR_TRAP</name>
         <load_address>0x8c50</load_address>
         <run_address>0x8c50</run_address>
         <size>0x8</size>
         <input_file_ref idref="fl-97"/>
      </object_component>
      <object_component id="oc-a59">
         <name>.const:weight5_6</name>
         <load_address>0x8c58</load_address>
         <run_address>0x8c58</run_address>
         <size>0x1400</size>
         <input_file_ref idref="fl-2"/>
      </object_component>
      <object_component id="oc-a4f">
         <name>.const:n_bias4_5</name>
         <load_address>0xa058</load_address>
         <run_address>0xa058</run_address>
         <size>0x200</size>
         <input_file_ref idref="fl-2"/>
      </object_component>
      <object_component id="oc-a43">
         <name>.const:weight4_5</name>
         <load_address>0xa258</load_address>
         <run_address>0xa258</run_address>
         <size>0x200</size>
         <input_file_ref idref="fl-2"/>
      </object_component>
      <object_component id="oc-a88">
         <name>.const:.string</name>
         <load_address>0xa458</load_address>
         <run_address>0xa458</run_address>
         <size>0x26</size>
         <input_file_ref idref="fl-ec"/>
      </object_component>
      <object_component id="oc-81f">
         <name>.const:.string</name>
         <load_address>0xa47e</load_address>
         <run_address>0xa47e</run_address>
         <size>0x20</size>
         <input_file_ref idref="fl-3"/>
      </object_component>
      <object_component id="oc-baf">
         <name>.const:msp_shift_right_factor_q15</name>
         <load_address>0xa49e</load_address>
         <run_address>0xa49e</run_address>
         <size>0x20</size>
         <input_file_ref idref="fl-6b"/>
      </object_component>
      <object_component id="oc-9bf">
         <name>.const:bp</name>
         <load_address>0xa4be</load_address>
         <run_address>0xa4be</run_address>
         <size>0x10</size>
         <input_file_ref idref="fl-e1"/>
      </object_component>
      <object_component id="oc-9ce">
         <name>.const:dp_h</name>
         <load_address>0xa4ce</load_address>
         <run_address>0xa4ce</run_address>
         <size>0x10</size>
         <input_file_ref idref="fl-e1"/>
      </object_component>
      <object_component id="oc-9d1">
         <name>.const:dp_l</name>
         <load_address>0xa4de</load_address>
         <run_address>0xa4de</run_address>
         <size>0x10</size>
         <input_file_ref idref="fl-e1"/>
      </object_component>
      <object_component id="oc-9ff">
         <name>.const:.string:TAx_ID$1</name>
         <load_address>0xa4ee</load_address>
         <run_address>0xa4ee</run_address>
         <size>0x8</size>
         <input_file_ref idref="fl-2"/>
      </object_component>
      <object_component id="oc-a01">
         <name>.const:.string:TAx_IDEX_SCALE$2</name>
         <load_address>0xa4f6</load_address>
         <run_address>0xa4f6</run_address>
         <size>0x8</size>
         <input_file_ref idref="fl-2"/>
      </object_component>
      <object_component id="oc-8e1">
         <name>.text:pow</name>
         <load_address>0x10000</load_address>
         <run_address>0x10000</run_address>
         <size>0x114c</size>
         <input_file_ref idref="fl-e1"/>
      </object_component>
      <object_component id="oc-995">
         <name>.text:__mspabi_addd</name>
         <load_address>0x1114c</load_address>
         <run_address>0x1114c</run_address>
         <size>0x72a</size>
         <input_file_ref idref="fl-e2"/>
      </object_component>
      <object_component id="oc-876">
         <name>.text:forward</name>
         <load_address>0x11876</load_address>
         <run_address>0x11876</run_address>
         <size>0x58c</size>
         <input_file_ref idref="fl-2"/>
      </object_component>
      <object_component id="oc-ab5">
         <name>.text:__TI_frcdivd</name>
         <load_address>0x11e02</load_address>
         <run_address>0x11e02</run_address>
         <size>0x468</size>
         <input_file_ref idref="fl-e5"/>
      </object_component>
      <object_component id="oc-9b0">
         <name>.text:sqrt</name>
         <load_address>0x1226a</load_address>
         <run_address>0x1226a</run_address>
         <size>0x2dc</size>
         <input_file_ref idref="fl-113"/>
      </object_component>
      <object_component id="oc-8e7">
         <name>.text:__mspabi_mpyd</name>
         <load_address>0x12546</load_address>
         <run_address>0x12546</run_address>
         <size>0x292</size>
         <input_file_ref idref="fl-c3"/>
      </object_component>
      <object_component id="oc-ba7">
         <name>.text:msp_cmplx_shift_q15</name>
         <load_address>0x127d8</load_address>
         <run_address>0x127d8</run_address>
         <size>0x21e</size>
         <input_file_ref idref="fl-55"/>
      </object_component>
      <object_component id="oc-9aa">
         <name>.text:__mspabi_divd</name>
         <load_address>0x129f6</load_address>
         <run_address>0x129f6</run_address>
         <size>0x21c</size>
         <input_file_ref idref="fl-e4"/>
      </object_component>
      <object_component id="oc-b35">
         <name>.text:msp_shift_q15</name>
         <load_address>0x12c12</load_address>
         <run_address>0x12c12</run_address>
         <size>0x1e4</size>
         <input_file_ref idref="fl-6b"/>
      </object_component>
      <object_component id="oc-930">
         <name>.text:FC_Convolution</name>
         <load_address>0x12df6</load_address>
         <run_address>0x12df6</run_address>
         <size>0x1c8</size>
         <input_file_ref idref="fl-2"/>
      </object_component>
      <object_component id="oc-a26">
         <name>.text:msp_add_q15</name>
         <load_address>0x12fbe</load_address>
         <run_address>0x12fbe</run_address>
         <size>0x19c</size>
         <input_file_ref idref="fl-47"/>
      </object_component>
      <object_component id="oc-b28">
         <name>.text:msp_cmplx_mpy_q15</name>
         <load_address>0x1315a</load_address>
         <run_address>0x1315a</run_address>
         <size>0x194</size>
         <input_file_ref idref="fl-4f"/>
      </object_component>
      <object_component id="oc-a0a">
         <name>.text:msp_mac_q15</name>
         <load_address>0x132ee</load_address>
         <run_address>0x132ee</run_address>
         <size>0x18e</size>
         <input_file_ref idref="fl-59"/>
      </object_component>
      <object_component id="oc-b08">
         <name>.text:msp_deinterleave_q15</name>
         <load_address>0x1347c</load_address>
         <run_address>0x1347c</run_address>
         <size>0x182</size>
         <input_file_ref idref="fl-3c"/>
      </object_component>
      <object_component id="oc-ba1">
         <name>.text:msp_cmplx_fft_auto_q15</name>
         <load_address>0x135fe</load_address>
         <run_address>0x135fe</run_address>
         <size>0x168</size>
         <input_file_ref idref="fl-26"/>
      </object_component>
      <object_component id="oc-9e7">
         <name>.text:__TI_frcmpyd</name>
         <load_address>0x13766</load_address>
         <run_address>0x13766</run_address>
         <size>0x164</size>
         <input_file_ref idref="fl-c4"/>
      </object_component>
      <object_component id="oc-918">
         <name>.text:add_bias</name>
         <load_address>0x138ca</load_address>
         <run_address>0x138ca</run_address>
         <size>0x164</size>
         <input_file_ref idref="fl-2"/>
      </object_component>
      <object_component id="oc-9da">
         <name>.text:scalbn</name>
         <load_address>0x13a2e</load_address>
         <run_address>0x13a2e</run_address>
         <size>0x15a</size>
         <input_file_ref idref="fl-fc"/>
      </object_component>
      <object_component id="oc-a1f">
         <name>.text:msp_fill_q15</name>
         <load_address>0x13b88</load_address>
         <run_address>0x13b88</run_address>
         <size>0x158</size>
         <input_file_ref idref="fl-3e"/>
      </object_component>
      <object_component id="oc-b22">
         <name>.text:msp_cmplx_fft_fixed_q15</name>
         <load_address>0x13ce0</load_address>
         <run_address>0x13ce0</run_address>
         <size>0x14c</size>
         <input_file_ref idref="fl-27"/>
      </object_component>
      <object_component id="oc-bb2">
         <name>.text:msp_copy_q15</name>
         <load_address>0x13e2c</load_address>
         <run_address>0x13e2c</run_address>
         <size>0x138</size>
         <input_file_ref idref="fl-3a"/>
      </object_component>
      <object_component id="oc-b91">
         <name>.text:msp_cmplx_bitrev_q15</name>
         <load_address>0x13f64</load_address>
         <run_address>0x13f64</run_address>
         <size>0x134</size>
         <input_file_ref idref="fl-25"/>
      </object_component>
      <object_component id="oc-959">
         <name>.text:__TI_printfi_minimal:_setfield___TI_printfi_minimal</name>
         <load_address>0x14098</load_address>
         <run_address>0x14098</run_address>
         <size>0x132</size>
         <input_file_ref idref="fl-ec"/>
      </object_component>
      <object_component id="oc-8d6">
         <name>.text</name>
         <load_address>0x141ca</load_address>
         <run_address>0x141ca</run_address>
         <size>0x132</size>
         <input_file_ref idref="fl-d5"/>
      </object_component>
      <object_component id="oc-936">
         <name>.text:FC_convolution_last</name>
         <load_address>0x142fc</load_address>
         <run_address>0x142fc</run_address>
         <size>0x126</size>
         <input_file_ref idref="fl-2"/>
      </object_component>
      <object_component id="oc-a52">
         <name>.text:add_bias_1d</name>
         <load_address>0x14422</load_address>
         <run_address>0x14422</run_address>
         <size>0x124</size>
         <input_file_ref idref="fl-2"/>
      </object_component>
      <object_component id="oc-c3c">
         <name>.text:aligned_alloc</name>
         <load_address>0x14546</load_address>
         <run_address>0x14546</run_address>
         <size>0x112</size>
         <input_file_ref idref="fl-10f"/>
      </object_component>
      <object_component id="oc-945">
         <name>.text:fputs</name>
         <load_address>0x14658</load_address>
         <run_address>0x14658</run_address>
         <size>0xf0</size>
         <input_file_ref idref="fl-f9"/>
      </object_component>
      <object_component id="oc-a46">
         <name>.text:fftmultiplication</name>
         <load_address>0x14748</load_address>
         <run_address>0x14748</run_address>
         <size>0xe4</size>
         <input_file_ref idref="fl-2"/>
      </object_component>
      <object_component id="oc-bcc">
         <name>.text:free</name>
         <load_address>0x1482c</load_address>
         <run_address>0x1482c</run_address>
         <size>0xe2</size>
         <input_file_ref idref="fl-10f"/>
      </object_component>
      <object_component id="oc-b4b">
         <name>.text:setvbuf</name>
         <load_address>0x1490e</load_address>
         <run_address>0x1490e</run_address>
         <size>0xde</size>
         <input_file_ref idref="fl-10b"/>
      </object_component>
      <object_component id="oc-892">
         <name>.text:__TI_printfi_minimal:__TI_printfi_minimal</name>
         <load_address>0x149ec</load_address>
         <run_address>0x149ec</run_address>
         <size>0xdc</size>
         <input_file_ref idref="fl-ec"/>
      </object_component>
      <object_component id="oc-a89">
         <name>.text:__TI_printfi_minimal:_pproc_diouxp___TI_printfi_minimal</name>
         <load_address>0x14ac8</load_address>
         <run_address>0x14ac8</run_address>
         <size>0xda</size>
         <input_file_ref idref="fl-ec"/>
      </object_component>
      <object_component id="oc-9d4">
         <name>.text:__mspabi_cmpd</name>
         <load_address>0x14ba2</load_address>
         <run_address>0x14ba2</run_address>
         <size>0xd8</size>
         <input_file_ref idref="fl-e3"/>
      </object_component>
      <object_component id="oc-870">
         <name>.text:normalization</name>
         <load_address>0x14c7a</load_address>
         <run_address>0x14c7a</run_address>
         <size>0xce</size>
         <input_file_ref idref="fl-2"/>
      </object_component>
      <object_component id="oc-9c8">
         <name>.text:__mspabi_fltlid</name>
         <load_address>0x14d48</load_address>
         <run_address>0x14d48</run_address>
         <size>0x9e</size>
         <input_file_ref idref="fl-e6"/>
      </object_component>
      <object_component id="oc-c67">
         <name>.text:HOSTlseek</name>
         <load_address>0x14de6</load_address>
         <run_address>0x14de6</run_address>
         <size>0x9a</size>
         <input_file_ref idref="fl-101"/>
      </object_component>
      <object_component id="oc-94c">
         <name>.text:fputc</name>
         <load_address>0x14e80</load_address>
         <run_address>0x14e80</run_address>
         <size>0x90</size>
         <input_file_ref idref="fl-f6"/>
      </object_component>
      <object_component id="oc-8d1">
         <name>.text</name>
         <load_address>0x14f10</load_address>
         <run_address>0x14f10</run_address>
         <size>0x90</size>
         <input_file_ref idref="fl-bd"/>
      </object_component>
      <object_component id="oc-a64">
         <name>.text:__TI_wrt_ok</name>
         <load_address>0x14fa0</load_address>
         <run_address>0x14fa0</run_address>
         <size>0x7e</size>
         <input_file_ref idref="fl-f8"/>
      </object_component>
      <object_component id="oc-84">
         <name>.text:decompress:lzss:__TI_decompress_lzss</name>
         <load_address>0x1501e</load_address>
         <run_address>0x1501e</run_address>
         <size>0x76</size>
         <input_file_ref idref="fl-94"/>
      </object_component>
      <object_component id="oc-c73">
         <name>.text:HOSTrename</name>
         <load_address>0x15094</load_address>
         <run_address>0x15094</run_address>
         <size>0x74</size>
         <input_file_ref idref="fl-104"/>
      </object_component>
      <object_component id="oc-c43">
         <name>.text:__TI_closefile</name>
         <load_address>0x15108</load_address>
         <run_address>0x15108</run_address>
         <size>0x74</size>
         <input_file_ref idref="fl-10d"/>
      </object_component>
      <object_component id="oc-c98">
         <name>.text:split</name>
         <load_address>0x1517c</load_address>
         <run_address>0x1517c</run_address>
         <size>0x74</size>
         <input_file_ref idref="fl-10f"/>
      </object_component>
      <object_component id="oc-c4f">
         <name>.text:HOSTopen</name>
         <load_address>0x151f0</load_address>
         <run_address>0x151f0</run_address>
         <size>0x70</size>
         <input_file_ref idref="fl-102"/>
      </object_component>
      <object_component id="oc-c61">
         <name>.text:HOSTwrite</name>
         <load_address>0x15260</load_address>
         <run_address>0x15260</run_address>
         <size>0x6c</size>
         <input_file_ref idref="fl-106"/>
      </object_component>
      <object_component id="oc-c5b">
         <name>.text:HOSTread</name>
         <load_address>0x152cc</load_address>
         <run_address>0x152cc</run_address>
         <size>0x6a</size>
         <input_file_ref idref="fl-103"/>
      </object_component>
      <object_component id="oc-7b5">
         <name>.text:configGPIO</name>
         <load_address>0x15336</load_address>
         <run_address>0x15336</run_address>
         <size>0x6a</size>
         <input_file_ref idref="fl-3"/>
      </object_component>
      <object_component id="oc-b45">
         <name>.text:fseeko</name>
         <load_address>0x153a0</load_address>
         <run_address>0x153a0</run_address>
         <size>0x6a</size>
         <input_file_ref idref="fl-fb"/>
      </object_component>
      <object_component id="oc-9f4">
         <name>.text:__mspabi_fixdli</name>
         <load_address>0x1540a</load_address>
         <run_address>0x1540a</run_address>
         <size>0x66</size>
         <input_file_ref idref="fl-c1"/>
      </object_component>
      <object_component id="oc-b2e">
         <name>.text:msp_cmplx_ifft_fixed_q15</name>
         <load_address>0x15470</load_address>
         <run_address>0x15470</run_address>
         <size>0x66</size>
         <input_file_ref idref="fl-2a"/>
      </object_component>
      <object_component id="oc-a70">
         <name>.text:__TI_doflush</name>
[...]
         <value>0x16124</value>
         <object_component_ref idref="oc-9a0"/>
      </symbol>
      <symbol id="sm-bb8">
         <name>__mspabi_slll_15</name>
         <value>0x159cc</value>
         <object_component_ref idref="oc-aca"/>
      </symbol>
      <symbol id="sm-bb9">
         <name>__mspabi_slll_14</name>
         <value>0x159d0</value>
         <object_component_ref idref="oc-aca"/>
      </symbol>
      <symbol id="sm-bba">
         <name>__mspabi_slll_13</name>
         <value>0x159d4</value>
         <object_component_ref idref="oc-aca"/>
      </symbol>
      <symbol id="sm-bbb">
         <name>__mspabi_slll_12</name>
         <value>0x159d8</value>
         <object_component_ref idref="oc-aca"/>
      </symbol>
      <symbol id="sm-bbc">
         <name>__mspabi_slll_11</name>
         <value>0x159dc</value>
         <object_component_ref idref="oc-aca"/>
      </symbol>
      <symbol id="sm-bbd">
         <name>__mspabi_slll_10</name>
         <value>0x159e0</value>
         <object_component_ref idref="oc-aca"/>
      </symbol>
      <symbol id="sm-bca">
         <name>__mspabi_sllll</name>
         <value>0x15afe</value>
         <object_component_ref idref="oc-aaa"/>
      </symbol>
      <symbol id="sm-bda">
         <name>__mspabi_sral</name>
         <value>0x16114</value>
         <object_component_ref idref="oc-99b"/>
      </symbol>
      <symbol id="sm-bdb">
         <name>__mspabi_sral_15</name>
         <value>0x1598e</value>
         <object_component_ref idref="oc-98a"/>
      </symbol>
      <symbol id="sm-bdc">
         <name>__mspabi_sral_14</name>
         <value>0x15992</value>
         <object_component_ref idref="oc-98a"/>
      </symbol>
      <symbol id="sm-bdd">
         <name>__mspabi_sral_13</name>
         <value>0x15996</value>
         <object_component_ref idref="oc-98a"/>
      </symbol>
      <symbol id="sm-bde">
         <name>__mspabi_sral_12</name>
         <value>0x1599a</value>
         <object_component_ref idref="oc-98a"/>
      </symbol>
      <symbol id="sm-bdf">
         <name>__mspabi_sral_11</name>
         <value>0x1599e</value>
         <object_component_ref idref="oc-98a"/>
      </symbol>
      <symbol id="sm-be0">
         <name>__mspabi_sral_10</name>
         <value>0x159a2</value>
         <object_component_ref idref="oc-98a"/>
      </symbol>
      <symbol id="sm-be1">
         <name>__mspabi_sral_8</name>
         <value>0x159aa</value>
         <object_component_ref idref="oc-98a"/>
      </symbol>
      <symbol id="sm-be2">
         <name>__mspabi_sral_9</name>
         <value>0x159a6</value>
         <object_component_ref idref="oc-98a"/>
      </symbol>
      <symbol id="sm-be3">
         <name>__mspabi_sral_6</name>
         <value>0x159b2</value>
         <object_component_ref idref="oc-98a"/>
      </symbol>
      <symbol id="sm-be4">
         <name>__mspabi_sral_7</name>
         <value>0x159ae</value>
         <object_component_ref idref="oc-98a"/>
      </symbol>
      <symbol id="sm-be5">
         <name>__mspabi_sral_4</name>
         <value>0x159ba</value>
         <object_component_ref idref="oc-98a"/>
      </symbol>
      <symbol id="sm-be6">
         <name>__mspabi_sral_5</name>
         <value>0x159b6</value>
         <object_component_ref idref="oc-98a"/>
      </symbol>
      <symbol id="sm-be7">
         <name>__mspabi_sral_2</name>
         <value>0x159c2</value>
         <object_component_ref idref="oc-98a"/>
      </symbol>
      <symbol id="sm-be8">
         <name>__mspabi_sral_3</name>
         <value>0x159be</value>
         <object_component_ref idref="oc-98a"/>
      </symbol>
      <symbol id="sm-be9">
         <name>__mspabi_sral_1</name>
         <value>0x159c6</value>
         <object_component_ref idref="oc-98a"/>
      </symbol>
      <symbol id="sm-bf9">
         <name>__mspabi_srll_8</name>
         <value>0x15a26</value>
         <object_component_ref idref="oc-abd"/>
      </symbol>
      <symbol id="sm-bfa">
         <name>__mspabi_srll_9</name>
         <value>0x15a22</value>
         <object_component_ref idref="oc-abd"/>
      </symbol>
      <symbol id="sm-bfb">
         <name>__mspabi_srll_6</name>
         <value>0x15a2e</value>
         <object_component_ref idref="oc-abd"/>
      </symbol>
      <symbol id="sm-bfc">
         <name>__mspabi_srll_7</name>
         <value>0x15a2a</value>
         <object_component_ref idref="oc-abd"/>
      </symbol>
      <symbol id="sm-bfd">
         <name>__mspabi_srll_4</name>
         <value>0x15a36</value>
         <object_component_ref idref="oc-abd"/>
      </symbol>
      <symbol id="sm-bfe">
         <name>__mspabi_srll_5</name>
         <value>0x15a32</value>
         <object_component_ref idref="oc-abd"/>
      </symbol>
      <symbol id="sm-bff">
         <name>__mspabi_srll_2</name>
         <value>0x15a3e</value>
         <object_component_ref idref="oc-abd"/>
      </symbol>
      <symbol id="sm-c00">
         <name>__mspabi_srll_3</name>
         <value>0x15a3a</value>
         <object_component_ref idref="oc-abd"/>
      </symbol>
      <symbol id="sm-c01">
         <name>__mspabi_srll_1</name>
         <value>0x15a42</value>
         <object_component_ref idref="oc-abd"/>
      </symbol>
      <symbol id="sm-c02">
         <name>__mspabi_srll_15</name>
         <value>0x15a0a</value>
         <object_component_ref idref="oc-abd"/>
      </symbol>
      <symbol id="sm-c03">
         <name>__mspabi_srll_14</name>
         <value>0x15a0e</value>
         <object_component_ref idref="oc-abd"/>
      </symbol>
      <symbol id="sm-c04">
         <name>__mspabi_srll_13</name>
         <value>0x15a12</value>
         <object_component_ref idref="oc-abd"/>
      </symbol>
      <symbol id="sm-c05">
         <name>__mspabi_srll_12</name>
         <value>0x15a16</value>
         <object_component_ref idref="oc-abd"/>
      </symbol>
      <symbol id="sm-c06">
         <name>__mspabi_srll_11</name>
         <value>0x15a1a</value>
         <object_component_ref idref="oc-abd"/>
      </symbol>
      <symbol id="sm-c07">
         <name>__mspabi_srll_10</name>
         <value>0x15a1e</value>
         <object_component_ref idref="oc-abd"/>
      </symbol>
      <symbol id="sm-c08">
         <name>__mspabi_srll</name>
         <value>0x16134</value>
         <object_component_ref idref="oc-9a5"/>
      </symbol>
      <symbol id="sm-c15">
         <name>__mspabi_srlll</name>
         <value>0x15b38</value>
         <object_component_ref idref="oc-af4"/>
      </symbol>
      <symbol id="sm-c30">
         <name>__mspabi_subf</name>
         <value>0x141ca</value>
         <object_component_ref idref="oc-8d6"/>
      </symbol>
      <symbol id="sm-c31">
         <name>__mspabi_addf</name>
         <value>0x141d0</value>
         <object_component_ref idref="oc-8d6"/>
      </symbol>
      <symbol id="sm-c41">
         <name>_c_int00_noargs_mpu</name>
         <value>0x8c00</value>
         <object_component_ref idref="oc-720"/>
      </symbol>
      <symbol id="sm-c42">
         <name>_stack</name>
         <value>0x2b60</value>
         <object_component_ref idref="oc-6c6"/>
      </symbol>
      <symbol id="sm-c43">
         <name>_reset_vector</name>
         <value>0xfffe</value>
         <object_component_ref idref="oc-6c9"/>
      </symbol>
      <symbol id="sm-c4c">
         <name>__mpu_init</name>
         <value>0x15e3a</value>
         <object_component_ref idref="oc-774"/>
      </symbol>
      <symbol id="sm-c70">
         <name>__TI_auto_init_nobinit_nopinit_hold_wdt</name>
         <value>0x156ae</value>
         <object_component_ref idref="oc-7ec"/>
      </symbol>
      <symbol id="sm-c79">
         <name>_system_post_cinit</name>
         <value>0x1617a</value>
         <object_component_ref idref="oc-839"/>
      </symbol>
      <symbol id="sm-c82">
         <name>_system_pre_init</name>
         <value>0x16174</value>
         <object_component_ref idref="oc-75c"/>
      </symbol>
      <symbol id="sm-ca5">
         <name>C$$EXIT</name>
         <value>0x1616a</value>
         <object_component_ref idref="oc-7c8"/>
      </symbol>
      <symbol id="sm-ca6">
         <name>abort</name>
         <value>0x1616a</value>
         <object_component_ref idref="oc-7c8"/>
      </symbol>
      <symbol id="sm-ca7">
         <name>__TI_enable_exit_profile_output</name>
         <value>0x1d9a</value>
         <object_component_ref idref="oc-828"/>
      </symbol>
      <symbol id="sm-ca8">
         <name>exit</name>
         <value>0x157a2</value>
         <object_component_ref idref="oc-7ce"/>
      </symbol>
      <symbol id="sm-cb7">
         <name>__TI_dtors_ptr</name>
         <value>0x1d8a</value>
         <object_component_ref idref="oc-82e"/>
      </symbol>
      <symbol id="sm-cb8">
         <name>__TI_cleanup_ptr</name>
         <value>0x1d86</value>
         <object_component_ref idref="oc-831"/>
      </symbol>
      <symbol id="sm-cce">
         <name>_nop</name>
         <value>0x16178</value>
         <object_component_ref idref="oc-89c"/>
      </symbol>
      <symbol id="sm-ccf">
         <name>_lock</name>
         <value>0x1d8e</value>
         <object_component_ref idref="oc-82b"/>
      </symbol>
      <symbol id="sm-cd0">
         <name>_unlock</name>
         <value>0x1d92</value>
         <object_component_ref idref="oc-834"/>
      </symbol>
      <symbol id="sm-cde">
         <name>memcpy</name>
         <value>0x160dc</value>
         <object_component_ref idref="oc-6d8"/>
      </symbol>
      <symbol id="sm-d75">
         <name>pow</name>
         <value>0x10000</value>
         <object_component_ref idref="oc-8e1"/>
      </symbol>
      <symbol id="sm-d76">
         <name>powl</name>
         <value>0x10000</value>
         <object_component_ref idref="oc-8e1"/>
      </symbol>
      <symbol id="sm-db0">
         <name>__mspabi_addd</name>
         <value>0x1114c</value>
         <object_component_ref idref="oc-995"/>
      </symbol>
      <symbol id="sm-dca">
         <name>__mspabi_cmpd</name>
         <value>0x14ba2</value>
         <object_component_ref idref="oc-9d4"/>
      </symbol>
      <symbol id="sm-deb">
         <name>__mspabi_divd</name>
         <value>0x129f6</value>
         <object_component_ref idref="oc-9aa"/>
      </symbol>
      <symbol id="sm-e06">
         <name>__TI_frcdivd</name>
         <value>0x11e02</value>
         <object_component_ref idref="oc-ab5"/>
      </symbol>
      <symbol id="sm-e1e">
         <name>__mspabi_fltlid</name>
         <value>0x14d48</value>
         <object_component_ref idref="oc-9c8"/>
      </symbol>
      <symbol id="sm-e27">
         <name>__mspabi_negd</name>
         <value>0x15db0</value>
         <object_component_ref idref="oc-9b6"/>
      </symbol>
      <symbol id="sm-e34">
         <name>__mspabi_srall</name>
         <value>0x1594e</value>
         <object_component_ref idref="oc-aa4"/>
      </symbol>
      <symbol id="sm-e3d">
         <name>__mspabi_subd</name>
         <value>0x15cec</value>
         <object_component_ref idref="oc-9c2"/>
      </symbol>
      <symbol id="sm-e44">
         <name>errno</name>
         <value>0x1d98</value>
         <object_component_ref idref="oc-9bc"/>
      </symbol>
      <symbol id="sm-e67">
         <name>printf</name>
         <value>0x157ec</value>
         <object_component_ref idref="oc-820"/>
      </symbol>
      <symbol id="sm-ed0">
         <name>__TI_printfi_minimal</name>
         <value>0x149ec</value>
         <object_component_ref idref="oc-892"/>
      </symbol>
      <symbol id="sm-ee5">
         <name>__TI_tmpnams</name>
         <value>0x1d9e</value>
      </symbol>
      <symbol id="sm-ee6">
         <name>_ftable</name>
         <value>0x1c00</value>
         <object_component_ref idref="oc-883"/>
      </symbol>
      <symbol id="sm-ee7">
         <name>__TI_ft_end</name>
         <value>0x1d96</value>
         <object_component_ref idref="oc-c49"/>
      </symbol>
      <symbol id="sm-efd">
         <name>putc</name>
         <value>0x14e80</value>
         <object_component_ref idref="oc-94c"/>
      </symbol>
      <symbol id="sm-efe">
         <name>fputc</name>
         <value>0x14e80</value>
         <object_component_ref idref="oc-94c"/>
      </symbol>
      <symbol id="sm-f0f">
         <name>__TI_doflush</name>
         <value>0x154d6</value>
         <object_component_ref idref="oc-a70"/>
      </symbol>
      <symbol id="sm-f27">
         <name>__TI_wrt_ok</name>
         <value>0x14fa0</value>
         <object_component_ref idref="oc-a64"/>
      </symbol>
      <symbol id="sm-f3f">
         <name>fputs</name>
         <value>0x14658</value>
         <object_component_ref idref="oc-945"/>
      </symbol>
      <symbol id="sm-f5a">
         <name>fseeko</name>
         <value>0x153a0</value>
         <object_component_ref idref="oc-b45"/>
      </symbol>
      <symbol id="sm-f5b">
         <name>fseek</name>
         <value>0x153a0</value>
         <object_component_ref idref="oc-b45"/>
      </symbol>
      <symbol id="sm-f74">
         <name>scalbn</name>
         <value>0x13a2e</value>
         <object_component_ref idref="oc-9da"/>
      </symbol>
      <symbol id="sm-f75">
         <name>scalbnl</name>
         <value>0x13a2e</value>
         <object_component_ref idref="oc-9da"/>
      </symbol>
      <symbol id="sm-f76">
         <name>ldexpl</name>
         <value>0x13a2e</value>
         <object_component_ref idref="oc-9da"/>
      </symbol>
      <symbol id="sm-f77">
         <name>ldexp</name>
         <value>0x13a2e</value>
         <object_component_ref idref="oc-9da"/>
      </symbol>
      <symbol id="sm-f80">
         <name>copysign</name>
         <value>0x15dde</value>
         <object_component_ref idref="oc-ad6"/>
      </symbol>
      <symbol id="sm-f81">
         <name>copysignl</name>
         <value>0x15dde</value>
         <object_component_ref idref="oc-ad6"/>
      </symbol>
      <symbol id="sm-f99">
         <name>lseek</name>
         <value>0x15a48</value>
         <object_component_ref idref="oc-bbf"/>
      </symbol>
      <symbol id="sm-fa8">
         <name>_stream</name>
         <value>0x1d40</value>
         <object_component_ref idref="oc-b57"/>
      </symbol>
      <symbol id="sm-fa9">
         <name>_device</name>
         <value>0x1cc8</value>
         <object_component_ref idref="oc-beb"/>
      </symbol>
      <symbol id="sm-fb5">
         <name>HOSTclose</name>
         <value>0x15754</value>
         <object_component_ref idref="oc-c55"/>
      </symbol>
      <symbol id="sm-fc1">
         <name>HOSTlseek</name>
         <value>0x14de6</value>
         <object_component_ref idref="oc-c67"/>
      </symbol>
      <symbol id="sm-fcf">
         <name>parmbuf</name>
         <value>0x1e46</value>
      </symbol>
      <symbol id="sm-fd0">
         <name>HOSTopen</name>
         <value>0x151f0</value>
         <object_component_ref idref="oc-c4f"/>
      </symbol>
      <symbol id="sm-fdd">
         <name>HOSTread</name>
         <value>0x152cc</value>
         <object_component_ref idref="oc-c5b"/>
      </symbol>
      <symbol id="sm-fe9">
         <name>HOSTrename</name>
         <value>0x15094</value>
         <object_component_ref idref="oc-c73"/>
      </symbol>
      <symbol id="sm-ff5">
         <name>HOSTunlink</name>
         <value>0x1587e</value>
         <object_component_ref idref="oc-c6d"/>
      </symbol>
      <symbol id="sm-1002">
         <name>HOSTwrite</name>
         <value>0x15260</value>
         <object_component_ref idref="oc-c61"/>
      </symbol>
      <symbol id="sm-1020">
         <name>__TI_readmsg</name>
         <value>0x15cba</value>
         <object_component_ref idref="oc-cb9"/>
      </symbol>
      <symbol id="sm-1021">
         <name>C$$IO$$</name>
         <value>0x15c4c</value>
         <object_component_ref idref="oc-cb3"/>
      </symbol>
      <symbol id="sm-1022">
         <name>_CIOBUF_</name>
         <value>0x8820</value>
         <object_component_ref idref="oc-ce5"/>
      </symbol>
      <symbol id="sm-1023">
         <name>__TI_writemsg</name>
         <value>0x15c1a</value>
         <object_component_ref idref="oc-cb3"/>
      </symbol>
      <symbol id="sm-1032">
         <name>memccpy</name>
         <value>0x15f3c</value>
         <object_component_ref idref="oc-a8f"/>
      </symbol>
      <symbol id="sm-1041">
         <name>memchr</name>
         <value>0x1609a</value>
         <object_component_ref idref="oc-a6a"/>
      </symbol>
      <symbol id="sm-104f">
         <name>memset</name>
         <value>0x160b0</value>
         <object_component_ref idref="oc-a82"/>
      </symbol>
      <symbol id="sm-1067">
         <name>setvbuf</name>
         <value>0x1490e</value>
         <object_component_ref idref="oc-b4b"/>
      </symbol>
      <symbol id="sm-1078">
         <name>__TI_cleanup</name>
         <value>0x15be4</value>
         <object_component_ref idref="oc-bd8"/>
      </symbol>
      <symbol id="sm-1089">
         <name>__TI_closefile</name>
         <value>0x15108</value>
         <object_component_ref idref="oc-c43"/>
      </symbol>
      <symbol id="sm-109b">
         <name>close</name>
         <value>0x155fa</value>
         <object_component_ref idref="oc-c9f"/>
      </symbol>
      <symbol id="sm-111b">
         <name>_sys_memory</name>
         <value>0x8940</value>
         <object_component_ref idref="oc-6ca"/>
      </symbol>
      <symbol id="sm-111c">
         <name>free</name>
         <value>0x1482c</value>
         <object_component_ref idref="oc-bcc"/>
      </symbol>
      <symbol id="sm-111d">
         <name>memalign</name>
         <value>0x14546</value>
         <object_component_ref idref="oc-c3c"/>
      </symbol>
      <symbol id="sm-111e">
         <name>malloc</name>
         <value>0x1615c</value>
         <object_component_ref idref="oc-bd2"/>
      </symbol>
      <symbol id="sm-111f">
         <name>aligned_alloc</name>
         <value>0x14546</value>
         <object_component_ref idref="oc-c3c"/>
      </symbol>
      <symbol id="sm-1144">
         <name>finddevice</name>
         <value>0x15e0c</value>
         <object_component_ref idref="oc-d07"/>
      </symbol>
      <symbol id="sm-1145">
         <name>getdevice</name>
         <value>0x15654</value>
         <object_component_ref idref="oc-cd9"/>
      </symbol>
      <symbol id="sm-1171">
         <name>sqrtl</name>
         <value>0x1226a</value>
         <object_component_ref idref="oc-9b0"/>
      </symbol>
      <symbol id="sm-1172">
         <name>sqrt</name>
         <value>0x1226a</value>
         <object_component_ref idref="oc-9b0"/>
      </symbol>
      <symbol id="sm-1181">
         <name>strchr</name>
         <value>0x16004</value>
         <object_component_ref idref="oc-cfb"/>
      </symbol>
      <symbol id="sm-118f">
         <name>strcmp</name>
         <value>0x16020</value>
         <object_component_ref idref="oc-d20"/>
      </symbol>
      <symbol id="sm-119c">
         <name>strcpy</name>
         <value>0x16102</value>
         <object_component_ref idref="oc-cca"/>
      </symbol>
      <symbol id="sm-11a9">
         <name>strlen</name>
         <value>0x16144</value>
         <object_component_ref idref="oc-953"/>
      </symbol>
      <symbol id="sm-11b9">
         <name>strncpy</name>
         <value>0x15d1e</value>
         <object_component_ref idref="oc-d01"/>
      </symbol>
      <symbol id="sm-11c6">
         <name>unlink</name>
         <value>0x15d80</value>
         <object_component_ref idref="oc-ca6"/>
      </symbol>
      <symbol id="sm-11d5">
         <name>write</name>
         <value>0x15ac2</value>
         <object_component_ref idref="oc-a76"/>
      </symbol>
      <symbol id="sm-11da">
         <name>remove</name>
         <value>0x15d80</value>
      </symbol>
   </symbol_table>
   <title>Link successful</title>
</link_info>
